../Core/Src/main.c:92:6:user_test_led	8	static
../Core/Src/main.c:113:6:HAL_UARTEx_RxEventCallback	24	static
../Core/Src/main.c:134:5:main	8	static
../Core/Src/main.c:226:6:SystemClock_Config	72	static
../Core/Src/main.c:266:13:MX_UART4_Init	8	static
../Core/Src/main.c:299:13:MX_GPIO_Init	40	static
../Core/Src/main.c:345:13:StartDefaultTask	32	static
../Core/Src/main.c:385:6:LedTaskDeal	24	static
../Core/Src/main.c:407:6:UartTaskDeal	48	static
../Core/Src/main.c:432:6:HAL_TIM_PeriodElapsedCallback	16	static
../Core/Src/main.c:449:6:Error_Handler	4	static,ignoring_inline_asm
