../Core/Src/main.c:101:6:user_test_led	8	static
../Core/Src/main.c:123:6:HAL_UARTEx_RxEventCallback	24	static
../Core/Src/main.c:145:5:main	8	static
../Core/Src/main.c:240:6:SystemClock_Config	72	static
../Core/Src/main.c:280:13:MX_UART4_Init	8	static
../Core/Src/main.c:313:13:MX_GPIO_Init	40	static
../Core/Src/main.c:359:13:StartDefaultTask	16	static
../Core/Src/main.c:380:6:LedTaskDeal	24	static
../Core/Src/main.c:402:6:UartTaskDeal	48	static
../Core/Src/main.c:426:6:OLEDTaskDeal	32	static
../Core/Src/main.c:466:6:HAL_TIM_PeriodElapsedCallback	16	static
../Core/Src/main.c:483:6:Error_Handler	4	static,ignoring_inline_asm
