../Core/Src/oled.c:7:6:OLED_Refresh_Gram	16	static
../Core/Src/oled.c:22:6:OLED_WR_Byte	24	static
../Core/Src/oled.c:44:6:OLED_Display_On	8	static
../Core/Src/oled.c:51:6:OLED_Display_Off	8	static
../Core/Src/oled.c:58:6:OLED_Clear	16	static
../Core/Src/oled.c:68:6:OLED_DrawPoint	24	static
../Core/Src/oled.c:84:6:OLED_ShowChar	32	static
../Core/Src/oled.c:110:5:oled_pow	24	static
../Core/Src/oled.c:123:6:OLED_ShowNumber	40	static
../Core/Src/oled.c:147:6:OLED_ShowString	24	static
../Core/Src/oled.c:166:6:OLED_ShowFloat	56	static
../Core/Src/oled.c:181:6:OLED_Init	8	static
