Archive member included to satisfy reference by file (symbol)

D:/software/ICT/STM32CubeIDE_1.15.1/STM32CubeIDE/plugins/com.st.stm32cube.ide.mcu.externaltools.gnu-tools-for-stm32.12.3.rel1.win32_1.0.100.202403111256/tools/bin/../lib/gcc/arm-none-eabi/12.3.1/../../../../arm-none-eabi/lib/thumb/v7-m/nofp\libc_nano.a(libc_a-exit.o)
                              D:/software/ICT/STM32CubeIDE_1.15.1/STM32CubeIDE/plugins/com.st.stm32cube.ide.mcu.externaltools.gnu-tools-for-stm32.12.3.rel1.win32_1.0.100.202403111256/tools/bin/../lib/gcc/arm-none-eabi/12.3.1/../../../../arm-none-eabi/lib/thumb/v7-m/nofp/crt0.o (exit)
D:/software/ICT/STM32CubeIDE_1.15.1/STM32CubeIDE/plugins/com.st.stm32cube.ide.mcu.externaltools.gnu-tools-for-stm32.12.3.rel1.win32_1.0.100.202403111256/tools/bin/../lib/gcc/arm-none-eabi/12.3.1/../../../../arm-none-eabi/lib/thumb/v7-m/nofp\libc_nano.a(libc_a-nano-vfprintf_float.o)
                              (_printf_float)
D:/software/ICT/STM32CubeIDE_1.15.1/STM32CubeIDE/plugins/com.st.stm32cube.ide.mcu.externaltools.gnu-tools-for-stm32.12.3.rel1.win32_1.0.100.202403111256/tools/bin/../lib/gcc/arm-none-eabi/12.3.1/../../../../arm-none-eabi/lib/thumb/v7-m/nofp\libc_nano.a(libc_a-nano-vfprintf_i.o)
                              D:/software/ICT/STM32CubeIDE_1.15.1/STM32CubeIDE/plugins/com.st.stm32cube.ide.mcu.externaltools.gnu-tools-for-stm32.12.3.rel1.win32_1.0.100.202403111256/tools/bin/../lib/gcc/arm-none-eabi/12.3.1/../../../../arm-none-eabi/lib/thumb/v7-m/nofp\libc_nano.a(libc_a-nano-vfprintf_float.o) (_printf_common)
D:/software/ICT/STM32CubeIDE_1.15.1/STM32CubeIDE/plugins/com.st.stm32cube.ide.mcu.externaltools.gnu-tools-for-stm32.12.3.rel1.win32_1.0.100.202403111256/tools/bin/../lib/gcc/arm-none-eabi/12.3.1/../../../../arm-none-eabi/lib/thumb/v7-m/nofp\libc_nano.a(libc_a-nano-vfscanf_float.o)
                              (_scanf_float)
D:/software/ICT/STM32CubeIDE_1.15.1/STM32CubeIDE/plugins/com.st.stm32cube.ide.mcu.externaltools.gnu-tools-for-stm32.12.3.rel1.win32_1.0.100.202403111256/tools/bin/../lib/gcc/arm-none-eabi/12.3.1/../../../../arm-none-eabi/lib/thumb/v7-m/nofp\libc_nano.a(libc_a-findfp.o)
                              D:/software/ICT/STM32CubeIDE_1.15.1/STM32CubeIDE/plugins/com.st.stm32cube.ide.mcu.externaltools.gnu-tools-for-stm32.12.3.rel1.win32_1.0.100.202403111256/tools/bin/../lib/gcc/arm-none-eabi/12.3.1/../../../../arm-none-eabi/lib/thumb/v7-m/nofp\libc_nano.a(libc_a-exit.o) (__stdio_exit_handler)
D:/software/ICT/STM32CubeIDE_1.15.1/STM32CubeIDE/plugins/com.st.stm32cube.ide.mcu.externaltools.gnu-tools-for-stm32.12.3.rel1.win32_1.0.100.202403111256/tools/bin/../lib/gcc/arm-none-eabi/12.3.1/../../../../arm-none-eabi/lib/thumb/v7-m/nofp\libc_nano.a(libc_a-fwalk.o)
                              D:/software/ICT/STM32CubeIDE_1.15.1/STM32CubeIDE/plugins/com.st.stm32cube.ide.mcu.externaltools.gnu-tools-for-stm32.12.3.rel1.win32_1.0.100.202403111256/tools/bin/../lib/gcc/arm-none-eabi/12.3.1/../../../../arm-none-eabi/lib/thumb/v7-m/nofp\libc_nano.a(libc_a-findfp.o) (_fwalk_sglue)
D:/software/ICT/STM32CubeIDE_1.15.1/STM32CubeIDE/plugins/com.st.stm32cube.ide.mcu.externaltools.gnu-tools-for-stm32.12.3.rel1.win32_1.0.100.202403111256/tools/bin/../lib/gcc/arm-none-eabi/12.3.1/../../../../arm-none-eabi/lib/thumb/v7-m/nofp\libc_nano.a(libc_a-snprintf.o)
                              ./Core/Src/oled.o (snprintf)
D:/software/ICT/STM32CubeIDE_1.15.1/STM32CubeIDE/plugins/com.st.stm32cube.ide.mcu.externaltools.gnu-tools-for-stm32.12.3.rel1.win32_1.0.100.202403111256/tools/bin/../lib/gcc/arm-none-eabi/12.3.1/../../../../arm-none-eabi/lib/thumb/v7-m/nofp\libc_nano.a(libc_a-sprintf.o)
                              D:/software/ICT/STM32CubeIDE_1.15.1/STM32CubeIDE/plugins/com.st.stm32cube.ide.mcu.externaltools.gnu-tools-for-stm32.12.3.rel1.win32_1.0.100.202403111256/tools/bin/../lib/gcc/arm-none-eabi/12.3.1/../../../../arm-none-eabi/lib/thumb/v7-m/nofp\libc_nano.a(libc_a-nano-vfscanf_float.o) (sprintf)
D:/software/ICT/STM32CubeIDE_1.15.1/STM32CubeIDE/plugins/com.st.stm32cube.ide.mcu.externaltools.gnu-tools-for-stm32.12.3.rel1.win32_1.0.100.202403111256/tools/bin/../lib/gcc/arm-none-eabi/12.3.1/../../../../arm-none-eabi/lib/thumb/v7-m/nofp\libc_nano.a(libc_a-stdio.o)
                              D:/software/ICT/STM32CubeIDE_1.15.1/STM32CubeIDE/plugins/com.st.stm32cube.ide.mcu.externaltools.gnu-tools-for-stm32.12.3.rel1.win32_1.0.100.202403111256/tools/bin/../lib/gcc/arm-none-eabi/12.3.1/../../../../arm-none-eabi/lib/thumb/v7-m/nofp\libc_nano.a(libc_a-findfp.o) (__sread)
D:/software/ICT/STM32CubeIDE_1.15.1/STM32CubeIDE/plugins/com.st.stm32cube.ide.mcu.externaltools.gnu-tools-for-stm32.12.3.rel1.win32_1.0.100.202403111256/tools/bin/../lib/gcc/arm-none-eabi/12.3.1/../../../../arm-none-eabi/lib/thumb/v7-m/nofp\libc_nano.a(libc_a-memset.o)
[...]
Memory Configuration

Name             Origin             Length             Attributes
RAM              0x20000000         0x00010000         xrw
FLASH            0x08000000         0x00080000         xr
*default*        0x00000000         0xffffffff

Linker script and memory map

LOAD D:/software/ICT/STM32CubeIDE_1.15.1/STM32CubeIDE/plugins/com.st.stm32cube.ide.mcu.externaltools.gnu-tools-for-stm32.12.3.rel1.win32_1.0.100.202403111256/tools/bin/../lib/gcc/arm-none-eabi/12.3.1/thumb/v7-m/nofp/crti.o
LOAD D:/software/ICT/STM32CubeIDE_1.15.1/STM32CubeIDE/plugins/com.st.stm32cube.ide.mcu.externaltools.gnu-tools-for-stm32.12.3.rel1.win32_1.0.100.202403111256/tools/bin/../lib/gcc/arm-none-eabi/12.3.1/thumb/v7-m/nofp/crtbegin.o
LOAD D:/software/ICT/STM32CubeIDE_1.15.1/STM32CubeIDE/plugins/com.st.stm32cube.ide.mcu.externaltools.gnu-tools-for-stm32.12.3.rel1.win32_1.0.100.202403111256/tools/bin/../lib/gcc/arm-none-eabi/12.3.1/../../../../arm-none-eabi/lib/thumb/v7-m/nofp/crt0.o
LOAD ./Core/Src/freertos.o
LOAD ./Core/Src/main.o
LOAD ./Core/Src/oled.o
LOAD ./Core/Src/stm32f1xx_hal_msp.o
LOAD ./Core/Src/stm32f1xx_hal_timebase_tim.o
LOAD ./Core/Src/stm32f1xx_it.o
LOAD ./Core/Src/syscalls.o
LOAD ./Core/Src/sysmem.o
LOAD ./Core/Src/system_stm32f1xx.o
LOAD ./Core/Startup/startup_stm32f103zetx.o
LOAD ./Drivers/STM32F1xx_HAL_Driver/Src/stm32f1xx_hal.o
LOAD ./Drivers/STM32F1xx_HAL_Driver/Src/stm32f1xx_hal_cortex.o
LOAD ./Drivers/STM32F1xx_HAL_Driver/Src/stm32f1xx_hal_dma.o
LOAD ./Drivers/STM32F1xx_HAL_Driver/Src/stm32f1xx_hal_exti.o
LOAD ./Drivers/STM32F1xx_HAL_Driver/Src/stm32f1xx_hal_flash.o
LOAD ./Drivers/STM32F1xx_HAL_Driver/Src/stm32f1xx_hal_flash_ex.o
LOAD ./Drivers/STM32F1xx_HAL_Driver/Src/stm32f1xx_hal_gpio.o
LOAD ./Drivers/STM32F1xx_HAL_Driver/Src/stm32f1xx_hal_gpio_ex.o
LOAD ./Drivers/STM32F1xx_HAL_Driver/Src/stm32f1xx_hal_pwr.o
LOAD ./Drivers/STM32F1xx_HAL_Driver/Src/stm32f1xx_hal_rcc.o
LOAD ./Drivers/STM32F1xx_HAL_Driver/Src/stm32f1xx_hal_rcc_ex.o
LOAD ./Drivers/STM32F1xx_HAL_Driver/Src/stm32f1xx_hal_tim.o
LOAD ./Drivers/STM32F1xx_HAL_Driver/Src/stm32f1xx_hal_tim_ex.o
LOAD ./Drivers/STM32F1xx_HAL_Driver/Src/stm32f1xx_hal_uart.o
LOAD ./Middlewares/Third_Party/FreeRTOS/Source/CMSIS_RTOS_V2/cmsis_os2.o
LOAD ./Middlewares/Third_Party/FreeRTOS/Source/croutine.o
LOAD ./Middlewares/Third_Party/FreeRTOS/Source/event_groups.o
LOAD ./Middlewares/Third_Party/FreeRTOS/Source/list.o
LOAD ./Middlewares/Third_Party/FreeRTOS/Source/queue.o
LOAD ./Middlewares/Third_Party/FreeRTOS/Source/stream_buffer.o
LOAD ./Middlewares/Third_Party/FreeRTOS/Source/tasks.o
LOAD ./Middlewares/Third_Party/FreeRTOS/Source/timers.o
LOAD ./Middlewares/Third_Party/FreeRTOS/Source/portable/GCC/ARM_CM3/port.o
LOAD ./Middlewares/Third_Party/FreeRTOS/Source/portable/MemMang/heap_4.o
START GROUP
LOAD D:/software/ICT/STM32CubeIDE_1.15.1/STM32CubeIDE/plugins/com.st.stm32cube.ide.mcu.externaltools.gnu-tools-for-stm32.12.3.rel1.win32_1.0.100.202403111256/tools/bin/../lib/gcc/arm-none-eabi/12.3.1/../../../../arm-none-eabi/lib/thumb/v7-m/nofp\libc_nano.a
LOAD D:/software/ICT/STM32CubeIDE_1.15.1/STM32CubeIDE/plugins/com.st.stm32cube.ide.mcu.externaltools.gnu-tools-for-stm32.12.3.rel1.win32_1.0.100.202403111256/tools/bin/../lib/gcc/arm-none-eabi/12.3.1/../../../../arm-none-eabi/lib/thumb/v7-m/nofp\libm.a
END GROUP
START GROUP
LOAD D:/software/ICT/STM32CubeIDE_1.15.1/STM32CubeIDE/plugins/com.st.stm32cube.ide.mcu.externaltools.gnu-tools-for-stm32.12.3.rel1.win32_1.0.100.202403111256/tools/bin/../lib/gcc/arm-none-eabi/12.3.1/thumb/v7-m/nofp\libgcc.a
LOAD D:/software/ICT/STM32CubeIDE_1.15.1/STM32CubeIDE/plugins/com.st.stm32cube.ide.mcu.externaltools.gnu-tools-for-stm32.12.3.rel1.win32_1.0.100.202403111256/tools/bin/../lib/gcc/arm-none-eabi/12.3.1/../../../../arm-none-eabi/lib/thumb/v7-m/nofp\libc_nano.a
END GROUP
START GROUP
LOAD D:/software/ICT/STM32CubeIDE_1.15.1/STM32CubeIDE/plugins/com.st.stm32cube.ide.mcu.externaltools.gnu-tools-for-stm32.12.3.rel1.win32_1.0.100.202403111256/tools/bin/../lib/gcc/arm-none-eabi/12.3.1/thumb/v7-m/nofp\libgcc.a
LOAD D:/software/ICT/STM32CubeIDE_1.15.1/STM32CubeIDE/plugins/com.st.stm32cube.ide.mcu.externaltools.gnu-tools-for-stm32.12.3.rel1.win32_1.0.100.202403111256/tools/bin/../lib/gcc/arm-none-eabi/12.3.1/../../../../arm-none-eabi/lib/thumb/v7-m/nofp\libc_nano.a
LOAD D:/software/ICT/STM32CubeIDE_1.15.1/STM32CubeIDE/plugins/com.st.stm32cube.ide.mcu.externaltools.gnu-tools-for-stm32.12.3.rel1.win32_1.0.100.202403111256/tools/bin/../lib/gcc/arm-none-eabi/12.3.1/../../../../arm-none-eabi/lib/thumb/v7-m/nofp\libnosys.a
END GROUP
START GROUP
LOAD D:/software/ICT/STM32CubeIDE_1.15.1/STM32CubeIDE/plugins/com.st.stm32cube.ide.mcu.externaltools.gnu-tools-for-stm32.12.3.rel1.win32_1.0.100.202403111256/tools/bin/../lib/gcc/arm-none-eabi/12.3.1/thumb/v7-m/nofp\libgcc.a
LOAD D:/software/ICT/STM32CubeIDE_1.15.1/STM32CubeIDE/plugins/com.st.stm32cube.ide.mcu.externaltools.gnu-tools-for-stm32.12.3.rel1.win32_1.0.100.202403111256/tools/bin/../lib/gcc/arm-none-eabi/12.3.1/../../../../arm-none-eabi/lib/thumb/v7-m/nofp\libc_nano.a
LOAD D:/software/ICT/STM32CubeIDE_1.15.1/STM32CubeIDE/plugins/com.st.stm32cube.ide.mcu.externaltools.gnu-tools-for-stm32.12.3.rel1.win32_1.0.100.202403111256/tools/bin/../lib/gcc/arm-none-eabi/12.3.1/../../../../arm-none-eabi/lib/thumb/v7-m/nofp\libnosys.a
END GROUP
LOAD D:/software/ICT/STM32CubeIDE_1.15.1/STM32CubeIDE/plugins/com.st.stm32cube.ide.mcu.externaltools.gnu-tools-for-stm32.12.3.rel1.win32_1.0.100.202403111256/tools/bin/../lib/gcc/arm-none-eabi/12.3.1/thumb/v7-m/nofp/crtend.o
LOAD D:/software/ICT/STM32CubeIDE_1.15.1/STM32CubeIDE/plugins/com.st.stm32cube.ide.mcu.externaltools.gnu-tools-for-stm32.12.3.rel1.win32_1.0.100.202403111256/tools/bin/../lib/gcc/arm-none-eabi/12.3.1/thumb/v7-m/nofp/crtn.o
                0x20010000                        _estack = (ORIGIN (RAM) + LENGTH (RAM))
                0x00000200                        _Min_Heap_Size = 0x200
                0x00000400                        _Min_Stack_Size = 0x400

.isr_vector     0x08000000      0x1e4
                0x08000000                        . = ALIGN (0x4)
 *(.isr_vector)
 .isr_vector    0x08000000      0x1e4 ./Core/Startup/startup_stm32f103zetx.o
                0x08000000                g_pfnVectors
                0x080001e4                        . = ALIGN (0x4)

.text           0x080001f0     0xad68
                0x080001f0                        . = ALIGN (0x4)
 *(.text)
 .text          0x080001f0       0x40 D:/software/ICT/STM32CubeIDE_1.15.1/STM32CubeIDE/plugins/com.st.stm32cube.ide.mcu.externaltools.gnu-tools-for-stm32.12.3.rel1.win32_1.0.100.202403111256/tools/bin/../lib/gcc/arm-none-eabi/12.3.1/thumb/v7-m/nofp/crtbegin.o
 .text          0x08000230       0x10 D:/software/ICT/STM32CubeIDE_1.15.1/STM32CubeIDE/plugins/com.st.stm32cube.ide.mcu.externaltools.gnu-tools-for-stm32.12.3.rel1.win32_1.0.100.202403111256/tools/bin/../lib/gcc/arm-none-eabi/12.3.1/../../../../arm-none-eabi/lib/thumb/v7-m/nofp\libc_nano.a(libc_a-strlen.o)
                0x08000230                strlen
 .text          0x08000240      0x378 D:/software/ICT/STM32CubeIDE_1.15.1/STM32CubeIDE/plugins/com.st.stm32cube.ide.mcu.externaltools.gnu-tools-for-stm32.12.3.rel1.win32_1.0.100.202403111256/tools/bin/../lib/gcc/arm-none-eabi/12.3.1/thumb/v7-m/nofp\libgcc.a(_arm_addsubdf3.o)
                0x08000240                __aeabi_drsub
                0x08000248                __aeabi_dsub
                0x08000248                __subdf3
                0x0800024c                __aeabi_dadd
                0x0800024c                __adddf3
                0x080004c4                __floatunsidf
                0x080004c4                __aeabi_ui2d
                0x080004e4                __floatsidf
                0x080004e4                __aeabi_i2d
                0x08000508                __aeabi_f2d
                0x08000508                __extendsfdf2
                0x0800054c                __floatundidf
                0x0800054c                __aeabi_ul2d
                0x0800055c                __floatdidf
                0x0800055c                __aeabi_l2d
 .text          0x080005b8      0x424 D:/software/ICT/STM32CubeIDE_1.15.1/STM32CubeIDE/plugins/com.st.stm32cube.ide.mcu.externaltools.gnu-tools-for-stm32.12.3.rel1.win32_1.0.100.202403111256/tools/bin/../lib/gcc/arm-none-eabi/12.3.1/thumb/v7-m/nofp\libgcc.a(_arm_muldivdf3.o)
                0x080005b8                __aeabi_dmul
                0x080005b8                __muldf3
                0x0800080c                __divdf3
                0x0800080c                __aeabi_ddiv
 .text          0x080009dc      0x110 D:/software/ICT/STM32CubeIDE_1.15.1/STM32CubeIDE/plugins/com.st.stm32cube.ide.mcu.externaltools.gnu-tools-for-stm32.12.3.rel1.win32_1.0.100.202403111256/tools/bin/../lib/gcc/arm-none-eabi/12.3.1/thumb/v7-m/nofp\libgcc.a(_arm_cmpdf2.o)
                0x080009dc                __gtdf2
                0x080009dc                __gedf2
                0x080009e4                __ltdf2
                0x080009e4                __ledf2
                0x080009ec                __nedf2
                0x080009ec                __eqdf2
                0x080009ec                __cmpdf2
                0x08000a68                __aeabi_cdrcmple
                0x08000a78                __aeabi_cdcmpeq
                0x08000a78                __aeabi_cdcmple
                0x08000a88                __aeabi_dcmpeq
                0x08000a9c                __aeabi_dcmplt
                0x08000ab0                __aeabi_dcmple
                0x08000ac4                __aeabi_dcmpge
                0x08000ad8                __aeabi_dcmpgt
 .text          0x08000aec       0x2c D:/software/ICT/STM32CubeIDE_1.15.1/STM32CubeIDE/plugins/com.st.stm32cube.ide.mcu.externaltools.gnu-tools-for-stm32.12.3.rel1.win32_1.0.100.202403111256/tools/bin/../lib/gcc/arm-none-eabi/12.3.1/thumb/v7-m/nofp\libgcc.a(_arm_unorddf2.o)
                0x08000aec                __unorddf2
                0x08000aec                __aeabi_dcmpun
 .text          0x08000b18       0x50 D:/software/ICT/STM32CubeIDE_1.15.1/STM32CubeIDE/plugins/com.st.stm32cube.ide.mcu.externaltools.gnu-tools-for-stm32.12.3.rel1.win32_1.0.100.202403111256/tools/bin/../lib/gcc/arm-none-eabi/12.3.1/thumb/v7-m/nofp\libgcc.a(_arm_fixdfsi.o)
                0x08000b18                __aeabi_d2iz
                0x08000b18                __fixdfsi
 .text          0x08000b68       0x40 D:/software/ICT/STM32CubeIDE_1.15.1/STM32CubeIDE/plugins/com.st.stm32cube.ide.mcu.externaltools.gnu-tools-for-stm32.12.3.rel1.win32_1.0.100.202403111256/tools/bin/../lib/gcc/arm-none-eabi/12.3.1/thumb/v7-m/nofp\libgcc.a(_arm_fixunsdfsi.o)
                0x08000b68                __aeabi_d2uiz
                0x08000b68                __fixunsdfsi
 .text          0x08000ba8       0xa0 D:/software/ICT/STM32CubeIDE_1.15.1/STM32CubeIDE/plugins/com.st.stm32cube.ide.mcu.externaltools.gnu-tools-for-stm32.12.3.rel1.win32_1.0.100.202403111256/tools/bin/../lib/gcc/arm-none-eabi/12.3.1/thumb/v7-m/nofp\libgcc.a(_arm_truncdfsf2.o)
                0x08000ba8                __truncdfsf2
                0x08000ba8                __aeabi_d2f
 .text          0x08000c48       0x30 D:/software/ICT/STM32CubeIDE_1.15.1/STM32CubeIDE/plugins/com.st.stm32cube.ide.mcu.externaltools.gnu-tools-for-stm32.12.3.rel1.win32_1.0.100.202403111256/tools/bin/../lib/gcc/arm-none-eabi/12.3.1/thumb/v7-m/nofp\libgcc.a(_fixdfdi.o)
                0x08000c48                __fixdfdi
                0x08000c48                __aeabi_d2lz
 .text          0x08000c78       0x3c D:/software/ICT/STM32CubeIDE_1.15.1/STM32CubeIDE/plugins/com.st.stm32cube.ide.mcu.externaltools.gnu-tools-for-stm32.12.3.rel1.win32_1.0.100.202403111256/tools/bin/../lib/gcc/arm-none-eabi/12.3.1/thumb/v7-m/nofp\libgcc.a(_fixunsdfdi.o)
                0x08000c78                __fixunsdfdi
                0x08000c78                __aeabi_d2ulz
 *(.text*)
 .text.user_test_led
                0x08000cb4       0x40 ./Core/Src/main.o
                0x08000cb4                user_test_led
 .text.HAL_UARTEx_RxEventCallback
                0x08000cf4       0x68 ./Core/Src/main.o
                0x08000cf4                HAL_UARTEx_RxEventCallback
 .text.main     0x08000d5c       0x8c ./Core/Src/main.o
                0x08000d5c                main
 .text.SystemClock_Config
                0x08000de8       0x8a ./Core/Src/main.o
                0x08000de8                SystemClock_Config
 *fill*         0x08000e72        0x2 
 .text.MX_UART4_Init
                0x08000e74       0x54 ./Core/Src/main.o
 .text.MX_GPIO_Init
                0x08000ec8       0xbc ./Core/Src/main.o
 .text.StartDefaultTask
                0x08000f84       0x7c ./Core/Src/main.o
                0x08000f84                StartDefaultTask
 .text.LedTaskDeal
                0x08001000       0x26 ./Core/Src/main.o
                0x08001000                LedTaskDeal
 *fill*         0x08001026        0x2 
 .text.UartTaskDeal
                0x08001028       0x44 ./Core/Src/main.o
                0x08001028                UartTaskDeal
 .text.HAL_TIM_PeriodElapsedCallback
                0x0800106c       0x24 ./Core/Src/main.o
                0x0800106c                HAL_TIM_PeriodElapsedCallback
 .text.Error_Handler
                0x08001090        0xc ./Core/Src/main.o
                0x08001090                Error_Handler
 .text.OLED_Refresh_Gram
                0x0800109c       0x70 ./Core/Src/oled.o
                0x0800109c                OLED_Refresh_Gram
 .text.OLED_WR_Byte
                0x0800110c       0x8c ./Core/Src/oled.o
                0x0800110c                OLED_WR_Byte
 .text.OLED_Display_On
                0x08001198       0x20 ./Core/Src/oled.o
                0x08001198                OLED_Display_On
 .text.OLED_Clear
                0x080011b8       0x4c ./Core/Src/oled.o
                0x080011b8                OLED_Clear
 .text.OLED_DrawPoint
                0x08001204       0xb0 ./Core/Src/oled.o
                0x08001204                OLED_DrawPoint
 .text.OLED_ShowChar
                0x080012b4       0xe4 ./Core/Src/oled.o
                0x080012b4                OLED_ShowChar
 .text.oled_pow
                0x08001398       0x36 ./Core/Src/oled.o
                0x08001398                oled_pow
 *fill*         0x080013ce        0x2 
 .text.OLED_ShowNumber
                0x080013d0       0xdc ./Core/Src/oled.o
                0x080013d0                OLED_ShowNumber
 .text.OLED_ShowString
                0x080014ac       0x64 ./Core/Src/oled.o
                0x080014ac                OLED_ShowString
 .text.OLED_Init
                0x08001510       0xf4 ./Core/Src/oled.o
                0x08001510                OLED_Init
 .text.HAL_MspInit
                0x08001604       0x70 ./Core/Src/stm32f1xx_hal_msp.o
                0x08001604                HAL_MspInit
 .text.HAL_UART_MspInit
                0x08001674       0xa8 ./Core/Src/stm32f1xx_hal_msp.o
                0x08001674                HAL_UART_MspInit
 .text.HAL_InitTick
                0x0800171c       0xfc ./Core/Src/stm32f1xx_hal_timebase_tim.o
                0x0800171c                HAL_InitTick
 .text.NMI_Handler
                0x08001818        0x8 ./Core/Src/stm32f1xx_it.o
                0x08001818                NMI_Handler
 .text.HardFault_Handler
                0x08001820        0x8 ./Core/Src/stm32f1xx_it.o
                0x08001820                HardFault_Handler
 .text.MemManage_Handler
                0x08001828        0x8 ./Core/Src/stm32f1xx_it.o
                0x08001828                MemManage_Handler
 .text.BusFault_Handler
                0x08001830        0x8 ./Core/Src/stm32f1xx_it.o
                0x08001830                BusFault_Handler
 .text.UsageFault_Handler
                0x08001838        0x8 ./Core/Src/stm32f1xx_it.o
                0x08001838                UsageFault_Handler
 .text.DebugMon_Handler
                0x08001840        0xc ./Core/Src/stm32f1xx_it.o
                0x08001840                DebugMon_Handler
 .text.UART4_IRQHandler
                0x0800184c       0x14 ./Core/Src/stm32f1xx_it.o
                0x0800184c                UART4_IRQHandler
 .text.TIM6_IRQHandler
                0x08001860       0x14 ./Core/Src/stm32f1xx_it.o
                0x08001860                TIM6_IRQHandler
 .text._getpid  0x08001874        0xe ./Core/Src/syscalls.o
                0x08001874                _getpid
 .text._kill    0x08001882       0x20 ./Core/Src/syscalls.o
                0x08001882                _kill
 .text._exit    0x080018a2       0x16 ./Core/Src/syscalls.o
                0x080018a2                _exit
 .text._read    0x080018b8       0x3a ./Core/Src/syscalls.o
                0x080018b8                _read
 .text._write   0x080018f2       0x38 ./Core/Src/syscalls.o
                0x080018f2                _write
 .text._close   0x0800192a       0x16 ./Core/Src/syscalls.o
                0x0800192a                _close
 .text._fstat   0x08001940       0x1e ./Core/Src/syscalls.o
                0x08001940                _fstat
 .text._isatty  0x0800195e       0x14 ./Core/Src/syscalls.o
                0x0800195e                _isatty
 .text._lseek   0x08001972       0x18 ./Core/Src/syscalls.o
                0x08001972                _lseek
 *fill*         0x0800198a        0x2 
 .text._sbrk    0x0800198c       0x6c ./Core/Src/sysmem.o
                0x0800198c                _sbrk
 .text.SystemInit
                0x080019f8        0xc ./Core/Src/system_stm32f1xx.o
                0x080019f8                SystemInit
 .text.Reset_Handler
                0x08001a04       0x48 ./Core/Startup/startup_stm32f103zetx.o
                0x08001a04                Reset_Handler
 .text.Default_Handler
                0x08001a4c        0x2 ./Core/Startup/startup_stm32f103zetx.o
                0x08001a4c                RTC_Alarm_IRQHandler
                0x08001a4c                EXTI2_IRQHandler
                0x08001a4c                TIM8_TRG_COM_IRQHandler
                0x08001a4c                TIM8_CC_IRQHandler
                0x08001a4c                TIM1_CC_IRQHandler
                0x08001a4c                PVD_IRQHandler
                0x08001a4c                SDIO_IRQHandler
                0x08001a4c                EXTI3_IRQHandler
                0x08001a4c                EXTI0_IRQHandler
                0x08001a4c                I2C2_EV_IRQHandler
                0x08001a4c                ADC1_2_IRQHandler
                0x08001a4c                SPI1_IRQHandler
                0x08001a4c                TAMPER_IRQHandler
                0x08001a4c                TIM8_UP_IRQHandler
                0x08001a4c                DMA2_Channel2_IRQHandler
                0x08001a4c                DMA1_Channel4_IRQHandler
                0x08001a4c                USART3_IRQHandler
                0x08001a4c                RTC_IRQHandler
                0x08001a4c                DMA1_Channel7_IRQHandler
                0x08001a4c                CAN1_RX1_IRQHandler
                0x08001a4c                UART5_IRQHandler
                0x08001a4c                ADC3_IRQHandler
                0x08001a4c                TIM4_IRQHandler
                0x08001a4c                DMA2_Channel1_IRQHandler
                0x08001a4c                I2C1_EV_IRQHandler
                0x08001a4c                DMA1_Channel6_IRQHandler
                0x08001a4c                TIM3_IRQHandler
                0x08001a4c                RCC_IRQHandler
                0x08001a4c                TIM1_TRG_COM_IRQHandler
                0x08001a4c                DMA1_Channel1_IRQHandler
                0x08001a4c                Default_Handler
                0x08001a4c                EXTI15_10_IRQHandler
                0x08001a4c                TIM7_IRQHandler
                0x08001a4c                TIM5_IRQHandler
                0x08001a4c                EXTI9_5_IRQHandler
                0x08001a4c                SPI2_IRQHandler
                0x08001a4c                DMA1_Channel5_IRQHandler
                0x08001a4c                EXTI4_IRQHandler
                0x08001a4c                USB_LP_CAN1_RX0_IRQHandler
                0x08001a4c                USB_HP_CAN1_TX_IRQHandler
                0x08001a4c                DMA1_Channel3_IRQHandler
                0x08001a4c                FSMC_IRQHandler
                0x08001a4c                TIM1_UP_IRQHandler
                0x08001a4c                WWDG_IRQHandler
                0x08001a4c                TIM2_IRQHandler
                0x08001a4c                TIM1_BRK_IRQHandler
                0x08001a4c                EXTI1_IRQHandler
                0x08001a4c                DMA2_Channel4_5_IRQHandler
                0x08001a4c                USART2_IRQHandler
                0x08001a4c                I2C2_ER_IRQHandler
                0x08001a4c                DMA1_Channel2_IRQHandler
                0x08001a4c                TIM8_BRK_IRQHandler
                0x08001a4c                CAN1_SCE_IRQHandler
                0x08001a4c                FLASH_IRQHandler
                0x08001a4c                USART1_IRQHandler
                0x08001a4c                SPI3_IRQHandler
                0x08001a4c                I2C1_ER_IRQHandler
                0x08001a4c                USBWakeUp_IRQHandler
                0x08001a4c                DMA2_Channel3_IRQHandler
 *fill*         0x08001a4e        0x2 
 .text.HAL_Init
                0x08001a50       0x2c ./Drivers/STM32F1xx_HAL_Driver/Src/stm32f1xx_hal.o
                0x08001a50                HAL_Init
 .text.HAL_IncTick
                0x08001a7c       0x24 ./Drivers/STM32F1xx_HAL_Driver/Src/stm32f1xx_hal.o
                0x08001a7c                HAL_IncTick
 .text.HAL_GetTick
                0x08001aa0       0x14 ./Drivers/STM32F1xx_HAL_Driver/Src/stm32f1xx_hal.o
                0x08001aa0                HAL_GetTick
 .text.HAL_Delay
                0x08001ab4       0x48 ./Drivers/STM32F1xx_HAL_Driver/Src/stm32f1xx_hal.o
                0x08001ab4                HAL_Delay
 .text.__NVIC_SetPriorityGrouping
                0x08001afc       0x48 ./Drivers/STM32F1xx_HAL_Driver/Src/stm32f1xx_hal_cortex.o
 .text.__NVIC_GetPriorityGrouping
                0x08001b44       0x1c ./Drivers/STM32F1xx_HAL_Driver/Src/stm32f1xx_hal_cortex.o
 .text.__NVIC_EnableIRQ
                0x08001b60       0x38 ./Drivers/STM32F1xx_HAL_Driver/Src/stm32f1xx_hal_cortex.o
 .text.__NVIC_SetPriority
                0x08001b98       0x54 ./Drivers/STM32F1xx_HAL_Driver/Src/stm32f1xx_hal_cortex.o
 .text.NVIC_EncodePriority
                0x08001bec       0x64 ./Drivers/STM32F1xx_HAL_Driver/Src/stm32f1xx_hal_cortex.o
 .text.HAL_NVIC_SetPriorityGrouping
                0x08001c50       0x16 ./Drivers/STM32F1xx_HAL_Driver/Src/stm32f1xx_hal_cortex.o
                0x08001c50                HAL_NVIC_SetPriorityGrouping
 .text.HAL_NVIC_SetPriority
                0x08001c66       0x38 ./Drivers/STM32F1xx_HAL_Driver/Src/stm32f1xx_hal_cortex.o
                0x08001c66                HAL_NVIC_SetPriority
 .text.HAL_NVIC_EnableIRQ
                0x08001c9e       0x1c ./Drivers/STM32F1xx_HAL_Driver/Src/stm32f1xx_hal_cortex.o
                0x08001c9e                HAL_NVIC_EnableIRQ
 .text.HAL_DMA_Abort
                0x08001cba       0x76 ./Drivers/STM32F1xx_HAL_Driver/Src/stm32f1xx_hal_dma.o
                0x08001cba                HAL_DMA_Abort
 .text.HAL_DMA_Abort_IT
                0x08001d30      0x210 ./Drivers/STM32F1xx_HAL_Driver/Src/stm32f1xx_hal_dma.o
                0x08001d30                HAL_DMA_Abort_IT
 .text.HAL_GPIO_Init
                0x08001f40      0x328 ./Drivers/STM32F1xx_HAL_Driver/Src/stm32f1xx_hal_gpio.o
                0x08001f40                HAL_GPIO_Init
 .text.HAL_GPIO_WritePin
                0x08002268       0x30 ./Drivers/STM32F1xx_HAL_Driver/Src/stm32f1xx_hal_gpio.o
                0x08002268                HAL_GPIO_WritePin
 .text.HAL_RCC_OscConfig
                0x08002298      0x504 ./Drivers/STM32F1xx_HAL_Driver/Src/stm32f1xx_hal_rcc.o
                0x08002298                HAL_RCC_OscConfig
 .text.HAL_RCC_ClockConfig
                0x0800279c      0x1d4 ./Drivers/STM32F1xx_HAL_Driver/Src/stm32f1xx_hal_rcc.o
                0x0800279c                HAL_RCC_ClockConfig
 .text.HAL_RCC_GetSysClockFreq
                0x08002970       0xa8 ./Drivers/STM32F1xx_HAL_Driver/Src/stm32f1xx_hal_rcc.o
                0x08002970                HAL_RCC_GetSysClockFreq
 .text.HAL_RCC_GetHCLKFreq
                0x08002a18       0x14 ./Drivers/STM32F1xx_HAL_Driver/Src/stm32f1xx_hal_rcc.o
                0x08002a18                HAL_RCC_GetHCLKFreq
 .text.HAL_RCC_GetPCLK1Freq
                0x08002a2c       0x28 ./Drivers/STM32F1xx_HAL_Driver/Src/stm32f1xx_hal_rcc.o
                0x08002a2c                HAL_RCC_GetPCLK1Freq
 .text.HAL_RCC_GetPCLK2Freq
                0x08002a54       0x28 ./Drivers/STM32F1xx_HAL_Driver/Src/stm32f1xx_hal_rcc.o
                0x08002a54                HAL_RCC_GetPCLK2Freq
 .text.HAL_RCC_GetClockConfig
                0x08002a7c       0x60 ./Drivers/STM32F1xx_HAL_Driver/Src/stm32f1xx_hal_rcc.o
                0x08002a7c                HAL_RCC_GetClockConfig
 .text.RCC_Delay
                0x08002adc       0x3c ./Drivers/STM32F1xx_HAL_Driver/Src/stm32f1xx_hal_rcc.o
 .text.HAL_TIM_Base_Init
                0x08002b18       0x9e ./Drivers/STM32F1xx_HAL_Driver/Src/stm32f1xx_hal_tim.o
                0x08002b18                HAL_TIM_Base_Init
 .text.HAL_TIM_Base_MspInit
                0x08002bb6       0x12 ./Drivers/STM32F1xx_HAL_Driver/Src/stm32f1xx_hal_tim.o
                0x08002bb6                HAL_TIM_Base_MspInit
 .text.HAL_TIM_Base_Start_IT
                0x08002bc8       0xc0 ./Drivers/STM32F1xx_HAL_Driver/Src/stm32f1xx_hal_tim.o
                0x08002bc8                HAL_TIM_Base_Start_IT
 .text.HAL_TIM_IRQHandler
                0x08002c88      0x210 ./Drivers/STM32F1xx_HAL_Driver/Src/stm32f1xx_hal_tim.o
                0x08002c88                HAL_TIM_IRQHandler
 .text.HAL_TIM_OC_DelayElapsedCallback
                0x08002e98       0x12 ./Drivers/STM32F1xx_HAL_Driver/Src/stm32f1xx_hal_tim.o
                0x08002e98                HAL_TIM_OC_DelayElapsedCallback
 .text.HAL_TIM_IC_CaptureCallback
                0x08002eaa       0x12 ./Drivers/STM32F1xx_HAL_Driver/Src/stm32f1xx_hal_tim.o
                0x08002eaa                HAL_TIM_IC_CaptureCallback
 .text.HAL_TIM_PWM_PulseFinishedCallback
                0x08002ebc       0x12 ./Drivers/STM32F1xx_HAL_Driver/Src/stm32f1xx_hal_tim.o
                0x08002ebc                HAL_TIM_PWM_PulseFinishedCallback
 .text.HAL_TIM_TriggerCallback
                0x08002ece       0x12 ./Drivers/STM32F1xx_HAL_Driver/Src/stm32f1xx_hal_tim.o
                0x08002ece                HAL_TIM_TriggerCallback
 .text.TIM_Base_SetConfig
                0x08002ee0       0xf4 ./Drivers/STM32F1xx_HAL_Driver/Src/stm32f1xx_hal_tim.o
                0x08002ee0                TIM_Base_SetConfig
 .text.HAL_TIMEx_CommutCallback
                0x08002fd4       0x12 ./Drivers/STM32F1xx_HAL_Driver/Src/stm32f1xx_hal_tim_ex.o
                0x08002fd4                HAL_TIMEx_CommutCallback
 .text.HAL_TIMEx_BreakCallback
                0x08002fe6       0x12 ./Drivers/STM32F1xx_HAL_Driver/Src/stm32f1xx_hal_tim_ex.o
                0x08002fe6                HAL_TIMEx_BreakCallback
 .text.HAL_UART_Init
                0x08002ff8       0xa0 ./Drivers/STM32F1xx_HAL_Driver/Src/stm32f1xx_hal_uart.o
                0x08002ff8                HAL_UART_Init
 .text.HAL_UART_Transmit_IT
                0x08003098       0x6a ./Drivers/STM32F1xx_HAL_Driver/Src/stm32f1xx_hal_uart.o
                0x08003098                HAL_UART_Transmit_IT
 .text.HAL_UARTEx_ReceiveToIdle_IT
                0x08003102       0xba ./Drivers/STM32F1xx_HAL_Driver/Src/stm32f1xx_hal_uart.o
                0x08003102                HAL_UARTEx_ReceiveToIdle_IT
 .text.HAL_UART_IRQHandler
                0x080031bc      0x524 ./Drivers/STM32F1xx_HAL_Driver/Src/stm32f1xx_hal_uart.o
                0x080031bc                HAL_UART_IRQHandler
 .text.HAL_UART_TxCpltCallback
                0x080036e0       0x12 ./Drivers/STM32F1xx_HAL_Driver/Src/stm32f1xx_hal_uart.o
                0x080036e0                HAL_UART_TxCpltCallback
 .text.HAL_UART_RxCpltCallback
                0x080036f2       0x12 ./Drivers/STM32F1xx_HAL_Driver/Src/stm32f1xx_hal_uart.o
                0x080036f2                HAL_UART_RxCpltCallback
 .text.HAL_UART_ErrorCallback
                0x08003704       0x12 ./Drivers/STM32F1xx_HAL_Driver/Src/stm32f1xx_hal_uart.o
                0x08003704                HAL_UART_ErrorCallback
 .text.UART_Start_Receive_IT
                0x08003716       0x72 ./Drivers/STM32F1xx_HAL_Driver/Src/stm32f1xx_hal_uart.o
                0x08003716                UART_Start_Receive_IT
 .text.UART_EndRxTransfer
                0x08003788       0xc4 ./Drivers/STM32F1xx_HAL_Driver/Src/stm32f1xx_hal_uart.o
 .text.UART_DMAAbortOnError
                0x0800384c       0x28 ./Drivers/STM32F1xx_HAL_Driver/Src/stm32f1xx_hal_uart.o
 .text.UART_Transmit_IT
                0x08003874       0x9e ./Drivers/STM32F1xx_HAL_Driver/Src/stm32f1xx_hal_uart.o
 .text.UART_EndTransmit_IT
                0x08003912       0x30 ./Drivers/STM32F1xx_HAL_Driver/Src/stm32f1xx_hal_uart.o
 .text.UART_Receive_IT
                0x08003942      0x17c ./Drivers/STM32F1xx_HAL_Driver/Src/stm32f1xx_hal_uart.o
 *fill*         0x08003abe        0x2 
 .text.UART_SetConfig
                0x08003ac0      0x11c ./Drivers/STM32F1xx_HAL_Driver/Src/stm32f1xx_hal_uart.o
 .text.osKernelInitialize
                0x08003bdc       0x64 ./Middlewares/Third_Party/FreeRTOS/Source/CMSIS_RTOS_V2/cmsis_os2.o
                0x08003bdc                osKernelInitialize
 .text.osKernelStart
                0x08003c40       0x68 ./Middlewares/Third_Party/FreeRTOS/Source/CMSIS_RTOS_V2/cmsis_os2.o
                0x08003c40                osKernelStart
 .text.osThreadNew
                0x08003ca8      0x154 ./Middlewares/Third_Party/FreeRTOS/Source/CMSIS_RTOS_V2/cmsis_os2.o
                0x08003ca8                osThreadNew
 .text.osDelay  0x08003dfc       0x5c ./Middlewares/Third_Party/FreeRTOS/Source/CMSIS_RTOS_V2/cmsis_os2.o
                0x08003dfc                osDelay
 .text.osMessageQueueNew
                0x08003e58      0x10c ./Middlewares/Third_Party/FreeRTOS/Source/CMSIS_RTOS_V2/cmsis_os2.o
                0x08003e58                osMessageQueueNew
 .text.vApplicationGetIdleTaskMemory
                0x08003f64       0x30 ./Middlewares/Third_Party/FreeRTOS/Source/CMSIS_RTOS_V2/cmsis_os2.o
                0x08003f64                vApplicationGetIdleTaskMemory
 .text.vApplicationGetTimerTaskMemory
                0x08003f94       0x34 ./Middlewares/Third_Party/FreeRTOS/Source/CMSIS_RTOS_V2/cmsis_os2.o
                0x08003f94                vApplicationGetTimerTaskMemory
 .text.vListInitialise
                0x08003fc8       0x3e ./Middlewares/Third_Party/FreeRTOS/Source/list.o
                0x08003fc8                vListInitialise
 .text.vListInitialiseItem
                0x08004006       0x18 ./Middlewares/Third_Party/FreeRTOS/Source/list.o
                0x08004006                vListInitialiseItem
 .text.vListInsertEnd
                0x0800401e       0x46 ./Middlewares/Third_Party/FreeRTOS/Source/list.o
                0x0800401e                vListInsertEnd
 .text.vListInsert
                0x08004064       0x70 ./Middlewares/Third_Party/FreeRTOS/Source/list.o
                0x08004064                vListInsert
 .text.uxListRemove
                0x080040d4       0x52 ./Middlewares/Third_Party/FreeRTOS/Source/list.o
                0x080040d4                uxListRemove
 *fill*         0x08004126        0x2 
 .text.xQueueGenericReset
                0x08004128       0xd4 ./Middlewares/Third_Party/FreeRTOS/Source/queue.o
                0x08004128                xQueueGenericReset
 .text.xQueueGenericCreateStatic
                0x080041fc       0xf8 ./Middlewares/Third_Party/FreeRTOS/Source/queue.o
                0x080041fc                xQueueGenericCreateStatic
 .text.xQueueGenericCreate
                0x080042f4       0x7e ./Middlewares/Third_Party/FreeRTOS/Source/queue.o
                0x080042f4                xQueueGenericCreate
 .text.prvInitialiseNewQueue
                0x08004372       0x46 ./Middlewares/Third_Party/FreeRTOS/Source/queue.o
 .text.xQueueGenericSend
                0x080043b8      0x204 ./Middlewares/Third_Party/FreeRTOS/Source/queue.o
                0x080043b8                xQueueGenericSend
 .text.xQueueGenericSendFromISR
                0x080045bc      0x136 ./Middlewares/Third_Party/FreeRTOS/Source/queue.o
                0x080045bc                xQueueGenericSendFromISR
 *fill*         0x080046f2        0x2 
 .text.xQueueReceive
                0x080046f4      0x1c4 ./Middlewares/Third_Party/FreeRTOS/Source/queue.o
                0x080046f4                xQueueReceive
 .text.prvCopyDataToQueue
                0x080048b8       0xd4 ./Middlewares/Third_Party/FreeRTOS/Source/queue.o
 .text.prvCopyDataFromQueue
                0x0800498c       0x4c ./Middlewares/Third_Party/FreeRTOS/Source/queue.o
 .text.prvUnlockQueue
                0x080049d8       0xa4 ./Middlewares/Third_Party/FreeRTOS/Source/queue.o
 .text.prvIsQueueEmpty
                0x08004a7c       0x2c ./Middlewares/Third_Party/FreeRTOS/Source/queue.o
 .text.prvIsQueueFull
                0x08004aa8       0x30 ./Middlewares/Third_Party/FreeRTOS/Source/queue.o
 .text.vQueueAddToRegistry
                0x08004ad8       0x50 ./Middlewares/Third_Party/FreeRTOS/Source/queue.o
                0x08004ad8                vQueueAddToRegistry
 .text.vQueueWaitForMessageRestricted
                0x08004b28       0x68 ./Middlewares/Third_Party/FreeRTOS/Source/queue.o
                0x08004b28                vQueueWaitForMessageRestricted
 .text.xTaskCreateStatic
                0x08004b90       0xbe ./Middlewares/Third_Party/FreeRTOS/Source/tasks.o
                0x08004b90                xTaskCreateStatic
 .text.xTaskCreate
                0x08004c4e       0x8a ./Middlewares/Third_Party/FreeRTOS/Source/tasks.o
                0x08004c4e                xTaskCreate
 .text.prvInitialiseNewTask
                0x08004cd8      0x110 ./Middlewares/Third_Party/FreeRTOS/Source/tasks.o
 .text.prvAddNewTaskToReadyList
                0x08004de8       0xe0 ./Middlewares/Third_Party/FreeRTOS/Source/tasks.o
 .text.vTaskDelayUntil
                0x08004ec8      0x100 ./Middlewares/Third_Party/FreeRTOS/Source/tasks.o
                0x08004ec8                vTaskDelayUntil
 .text.vTaskDelay
                0x08004fc8       0x6c ./Middlewares/Third_Party/FreeRTOS/Source/tasks.o
                0x08004fc8                vTaskDelay
 .text.vTaskStartScheduler
                0x08005034       0xd0 ./Middlewares/Third_Party/FreeRTOS/Source/tasks.o
                0x08005034                vTaskStartScheduler
 .text.vTaskSuspendAll
                0x08005104       0x1c ./Middlewares/Third_Party/FreeRTOS/Source/tasks.o
                0x08005104                vTaskSuspendAll
 .text.xTaskResumeAll
                0x08005120      0x13c ./Middlewares/Third_Party/FreeRTOS/Source/tasks.o
                0x08005120                xTaskResumeAll
 .text.xTaskGetTickCount
                0x0800525c       0x1c ./Middlewares/Third_Party/FreeRTOS/Source/tasks.o
                0x0800525c                xTaskGetTickCount
 .text.xTaskIncrementTick
                0x08005278      0x180 ./Middlewares/Third_Party/FreeRTOS/Source/tasks.o
                0x08005278                xTaskIncrementTick
 .text.vTaskSwitchContext
                0x080053f8       0xbc ./Middlewares/Third_Party/FreeRTOS/Source/tasks.o
                0x080053f8                vTaskSwitchContext
 .text.vTaskPlaceOnEventList
                0x080054b4       0x4c ./Middlewares/Third_Party/FreeRTOS/Source/tasks.o
                0x080054b4                vTaskPlaceOnEventList
 .text.vTaskPlaceOnEventListRestricted
                0x08005500       0x58 ./Middlewares/Third_Party/FreeRTOS/Source/tasks.o
                0x08005500                vTaskPlaceOnEventListRestricted
 .text.xTaskRemoveFromEventList
                0x08005558       0xc8 ./Middlewares/Third_Party/FreeRTOS/Source/tasks.o
                0x08005558                xTaskRemoveFromEventList
 .text.vTaskInternalSetTimeOutState
                0x08005620       0x2c ./Middlewares/Third_Party/FreeRTOS/Source/tasks.o
                0x08005620                vTaskInternalSetTimeOutState
 .text.xTaskCheckForTimeOut
                0x0800564c       0xc8 ./Middlewares/Third_Party/FreeRTOS/Source/tasks.o
                0x0800564c                xTaskCheckForTimeOut
 .text.vTaskMissedYield
                0x08005714       0x18 ./Middlewares/Third_Party/FreeRTOS/Source/tasks.o
                0x08005714                vTaskMissedYield
 .text.prvIdleTask
                0x0800572c       0x30 ./Middlewares/Third_Party/FreeRTOS/Source/tasks.o
 .text.prvInitialiseTaskLists
                0x0800575c       0x80 ./Middlewares/Third_Party/FreeRTOS/Source/tasks.o
 .text.prvCheckTasksWaitingTermination
                0x080057dc       0x5c ./Middlewares/Third_Party/FreeRTOS/Source/tasks.o
 .text.prvDeleteTCB
                0x08005838       0x60 ./Middlewares/Third_Party/FreeRTOS/Source/tasks.o
 .text.prvResetNextTaskUnblockTime
                0x08005898       0x48 ./Middlewares/Third_Party/FreeRTOS/Source/tasks.o
 .text.xTaskGetSchedulerState
                0x080058e0       0x3c ./Middlewares/Third_Party/FreeRTOS/Source/tasks.o
                0x080058e0                xTaskGetSchedulerState
 .text.xTaskPriorityDisinherit
                0x0800591c       0xe0 ./Middlewares/Third_Party/FreeRTOS/Source/tasks.o
                0x0800591c                xTaskPriorityDisinherit
 .text.prvAddCurrentTaskToDelayedList
                0x080059fc       0xa8 ./Middlewares/Third_Party/FreeRTOS/Source/tasks.o
 .text.xTimerCreateTimerTask
                0x08005aa4       0x94 ./Middlewares/Third_Party/FreeRTOS/Source/timers.o
                0x08005aa4                xTimerCreateTimerTask
 .text.xTimerGenericCommand
                0x08005b38       0x9c ./Middlewares/Third_Party/FreeRTOS/Source/timers.o
                0x08005b38                xTimerGenericCommand
 .text.prvProcessExpiredTimer
                0x08005bd4       0x84 ./Middlewares/Third_Party/FreeRTOS/Source/timers.o
 .text.prvTimerTask
                0x08005c58       0x26 ./Middlewares/Third_Party/FreeRTOS/Source/timers.o
 *fill*         0x08005c7e        0x2 
 .text.prvProcessTimerOrBlockTask
                0x08005c80       0x9c ./Middlewares/Third_Party/FreeRTOS/Source/timers.o
 .text.prvGetNextExpireTime
                0x08005d1c       0x48 ./Middlewares/Third_Party/FreeRTOS/Source/timers.o
 .text.prvSampleTimeNow
                0x08005d64       0x40 ./Middlewares/Third_Party/FreeRTOS/Source/timers.o
 .text.prvInsertTimerInActiveList
                0x08005da4       0x84 ./Middlewares/Third_Party/FreeRTOS/Source/timers.o
 .text.prvProcessReceivedCommands
                0x08005e28      0x178 ./Middlewares/Third_Party/FreeRTOS/Source/timers.o
 .text.prvSwitchTimerLists
                0x08005fa0       0xc4 ./Middlewares/Third_Party/FreeRTOS/Source/timers.o
 .text.prvCheckForValidListAndQueue
                0x08006064       0x80 ./Middlewares/Third_Party/FreeRTOS/Source/timers.o
 .text.pxPortInitialiseStack
                0x080060e4       0x58 ./Middlewares/Third_Party/FreeRTOS/Source/portable/GCC/ARM_CM3/port.o
                0x080060e4                pxPortInitialiseStack
 .text.prvTaskExitError
                0x0800613c       0x58 ./Middlewares/Third_Party/FreeRTOS/Source/portable/GCC/ARM_CM3/port.o
 *fill*         0x08006194        0xc 
 .text.SVC_Handler
                0x080061a0       0x28 ./Middlewares/Third_Party/FreeRTOS/Source/portable/GCC/ARM_CM3/port.o
                0x080061a0                SVC_Handler
 .text.prvPortStartFirstTask
                0x080061c8       0x20 ./Middlewares/Third_Party/FreeRTOS/Source/portable/GCC/ARM_CM3/port.o
 .text.xPortStartScheduler
                0x080061e8       0xe4 ./Middlewares/Third_Party/FreeRTOS/Source/portable/GCC/ARM_CM3/port.o
                0x080061e8                xPortStartScheduler
 .text.vPortEnterCritical
                0x080062cc       0x60 ./Middlewares/Third_Party/FreeRTOS/Source/portable/GCC/ARM_CM3/port.o
                0x080062cc                vPortEnterCritical
 .text.vPortExitCritical
                0x0800632c       0x54 ./Middlewares/Third_Party/FreeRTOS/Source/portable/GCC/ARM_CM3/port.o
                0x0800632c                vPortExitCritical
 .text.PendSV_Handler
                0x08006380       0x48 ./Middlewares/Third_Party/FreeRTOS/Source/portable/GCC/ARM_CM3/port.o
                0x08006380                PendSV_Handler
 .text.SysTick_Handler
                0x080063c8       0x44 ./Middlewares/Third_Party/FreeRTOS/Source/portable/GCC/ARM_CM3/port.o
                0x080063c8                SysTick_Handler
 .text.vPortSetupTimerInterrupt
                0x0800640c       0x44 ./Middlewares/Third_Party/FreeRTOS/Source/portable/GCC/ARM_CM3/port.o
                0x0800640c                vPortSetupTimerInterrupt
 .text.vPortValidateInterruptPriority
                0x08006450       0x80 ./Middlewares/Third_Party/FreeRTOS/Source/portable/GCC/ARM_CM3/port.o
                0x08006450                vPortValidateInterruptPriority
 .text.pvPortMalloc
                0x080064d0      0x190 ./Middlewares/Third_Party/FreeRTOS/Source/portable/MemMang/heap_4.o
                0x080064d0                pvPortMalloc
 .text.vPortFree
                0x08006660       0xb8 ./Middlewares/Third_Party/FreeRTOS/Source/portable/MemMang/heap_4.o
                0x08006660                vPortFree
 .text.prvHeapInit
                0x08006718       0xc4 ./Middlewares/Third_Party/FreeRTOS/Source/portable/MemMang/heap_4.o
 .text.prvInsertBlockIntoFreeList
                0x080067dc       0xb0 ./Middlewares/Third_Party/FreeRTOS/Source/portable/MemMang/heap_4.o
 .text.__cvt    0x0800688c       0xc8 D:/software/ICT/STM32CubeIDE_1.15.1/STM32CubeIDE/plugins/com.st.stm32cube.ide.mcu.externaltools.gnu-tools-for-stm32.12.3.rel1.win32_1.0.100.202403111256/tools/bin/../lib/gcc/arm-none-eabi/12.3.1/../../../../arm-none-eabi/lib/thumb/v7-m/nofp\libc_nano.a(libc_a-nano-vfprintf_float.o)
                0x0800688c                __cvt
 .text.__exponent
                0x08006954       0x74 D:/software/ICT/STM32CubeIDE_1.15.1/STM32CubeIDE/plugins/com.st.stm32cube.ide.mcu.externaltools.gnu-tools-for-stm32.12.3.rel1.win32_1.0.100.202403111256/tools/bin/../lib/gcc/arm-none-eabi/12.3.1/../../../../arm-none-eabi/lib/thumb/v7-m/nofp\libc_nano.a(libc_a-nano-vfprintf_float.o)
                0x08006954                __exponent
 .text._printf_float
                0x080069c8      0x458 D:/software/ICT/STM32CubeIDE_1.15.1/STM32CubeIDE/plugins/com.st.stm32cube.ide.mcu.externaltools.gnu-tools-for-stm32.12.3.rel1.win32_1.0.100.202403111256/tools/bin/../lib/gcc/arm-none-eabi/12.3.1/../../../../arm-none-eabi/lib/thumb/v7-m/nofp\libc_nano.a(libc_a-nano-vfprintf_float.o)
                0x080069c8                _printf_float
 .text._printf_common
                0x08006e20       0xe4 D:/software/ICT/STM32CubeIDE_1.15.1/STM32CubeIDE/plugins/com.st.stm32cube.ide.mcu.externaltools.gnu-tools-for-stm32.12.3.rel1.win32_1.0.100.202403111256/tools/bin/../lib/gcc/arm-none-eabi/12.3.1/../../../../arm-none-eabi/lib/thumb/v7-m/nofp\libc_nano.a(libc_a-nano-vfprintf_i.o)
                0x08006e20                _printf_common
 .text._printf_i
                0x08006f04      0x240 D:/software/ICT/STM32CubeIDE_1.15.1/STM32CubeIDE/plugins/com.st.stm32cube.ide.mcu.externaltools.gnu-tools-for-stm32.12.3.rel1.win32_1.0.100.202403111256/tools/bin/../lib/gcc/arm-none-eabi/12.3.1/../../../../arm-none-eabi/lib/thumb/v7-m/nofp\libc_nano.a(libc_a-nano-vfprintf_i.o)
                0x08006f04                _printf_i
 .text._scanf_float
                0x08007144      0x420 D:/software/ICT/STM32CubeIDE_1.15.1/STM32CubeIDE/plugins/com.st.stm32cube.ide.mcu.externaltools.gnu-tools-for-stm32.12.3.rel1.win32_1.0.100.202403111256/tools/bin/../lib/gcc/arm-none-eabi/12.3.1/../../../../arm-none-eabi/lib/thumb/v7-m/nofp\libc_nano.a(libc_a-nano-vfscanf_float.o)
                0x08007144                _scanf_float
 .text.std      0x08007564       0x6c D:/software/ICT/STM32CubeIDE_1.15.1/STM32CubeIDE/plugins/com.st.stm32cube.ide.mcu.externaltools.gnu-tools-for-stm32.12.3.rel1.win32_1.0.100.202403111256/tools/bin/../lib/gcc/arm-none-eabi/12.3.1/../../../../arm-none-eabi/lib/thumb/v7-m/nofp\libc_nano.a(libc_a-findfp.o)
 .text.stdio_exit_handler
                0x080075d0       0x18 D:/software/ICT/STM32CubeIDE_1.15.1/STM32CubeIDE/plugins/com.st.stm32cube.ide.mcu.externaltools.gnu-tools-for-stm32.12.3.rel1.win32_1.0.100.202403111256/tools/bin/../lib/gcc/arm-none-eabi/12.3.1/../../../../arm-none-eabi/lib/thumb/v7-m/nofp\libc_nano.a(libc_a-findfp.o)
 .text.cleanup_stdio
                0x080075e8       0x40 D:/software/ICT/STM32CubeIDE_1.15.1/STM32CubeIDE/plugins/com.st.stm32cube.ide.mcu.externaltools.gnu-tools-for-stm32.12.3.rel1.win32_1.0.100.202403111256/tools/bin/../lib/gcc/arm-none-eabi/12.3.1/../../../../arm-none-eabi/lib/thumb/v7-m/nofp\libc_nano.a(libc_a-findfp.o)
 .text.global_stdio_init.part.0
                0x08007628       0x3c D:/software/ICT/STM32CubeIDE_1.15.1/STM32CubeIDE/plugins/com.st.stm32cube.ide.mcu.externaltools.gnu-tools-for-stm32.12.3.rel1.win32_1.0.100.202403111256/tools/bin/../lib/gcc/arm-none-eabi/12.3.1/../../../../arm-none-eabi/lib/thumb/v7-m/nofp\libc_nano.a(libc_a-findfp.o)
 .text.__sfp_lock_acquire
                0x08007664        0xc D:/software/ICT/STM32CubeIDE_1.15.1/STM32CubeIDE/plugins/com.st.stm32cube.ide.mcu.externaltools.gnu-tools-for-stm32.12.3.rel1.win32_1.0.100.202403111256/tools/bin/../lib/gcc/arm-none-eabi/12.3.1/../../../../arm-none-eabi/lib/thumb/v7-m/nofp\libc_nano.a(libc_a-findfp.o)
                0x08007664                __sfp_lock_acquire
 .text.__sfp_lock_release
                0x08007670        0xc D:/software/ICT/STM32CubeIDE_1.15.1/STM32CubeIDE/plugins/com.st.stm32cube.ide.mcu.externaltools.gnu-tools-for-stm32.12.3.rel1.win32_1.0.100.202403111256/tools/bin/../lib/gcc/arm-none-eabi/12.3.1/../../../../arm-none-eabi/lib/thumb/v7-m/nofp\libc_nano.a(libc_a-findfp.o)
                0x08007670                __sfp_lock_release
 .text.__sinit  0x0800767c       0x30 D:/software/ICT/STM32CubeIDE_1.15.1/STM32CubeIDE/plugins/com.st.stm32cube.ide.mcu.externaltools.gnu-tools-for-stm32.12.3.rel1.win32_1.0.100.202403111256/tools/bin/../lib/gcc/arm-none-eabi/12.3.1/../../../../arm-none-eabi/lib/thumb/v7-m/nofp\libc_nano.a(libc_a-findfp.o)
                0x0800767c                __sinit
 .text._fwalk_sglue
                0x080076ac       0x3c D:/software/ICT/STM32CubeIDE_1.15.1/STM32CubeIDE/plugins/com.st.stm32cube.ide.mcu.externaltools.gnu-tools-for-stm32.12.3.rel1.win32_1.0.100.202403111256/tools/bin/../lib/gcc/arm-none-eabi/12.3.1/../../../../arm-none-eabi/lib/thumb/v7-m/nofp\libc_nano.a(libc_a-fwalk.o)
                0x080076ac                _fwalk_sglue
 .text.sprintf  0x080076e8       0x40 D:/software/ICT/STM32CubeIDE_1.15.1/STM32CubeIDE/plugins/com.st.stm32cube.ide.mcu.externaltools.gnu-tools-for-stm32.12.3.rel1.win32_1.0.100.202403111256/tools/bin/../lib/gcc/arm-none-eabi/12.3.1/../../../../arm-none-eabi/lib/thumb/v7-m/nofp\libc_nano.a(libc_a-sprintf.o)
                0x080076e8                siprintf
                0x080076e8                sprintf
 .text.__sread  0x08007728       0x22 D:/software/ICT/STM32CubeIDE_1.15.1/STM32CubeIDE/plugins/com.st.stm32cube.ide.mcu.externaltools.gnu-tools-for-stm32.12.3.rel1.win32_1.0.100.202403111256/tools/bin/../lib/gcc/arm-none-eabi/12.3.1/../../../../arm-none-eabi/lib/thumb/v7-m/nofp\libc_nano.a(libc_a-stdio.o)
                0x08007728                __sread
 .text.__swrite
                0x0800774a       0x38 D:/software/ICT/STM32CubeIDE_1.15.1/STM32CubeIDE/plugins/com.st.stm32cube.ide.mcu.externaltools.gnu-tools-for-stm32.12.3.rel1.win32_1.0.100.202403111256/tools/bin/../lib/gcc/arm-none-eabi/12.3.1/../../../../arm-none-eabi/lib/thumb/v7-m/nofp\libc_nano.a(libc_a-stdio.o)
                0x0800774a                __swrite
 .text.__sseek  0x08007782       0x24 D:/software/ICT/STM32CubeIDE_1.15.1/STM32CubeIDE/plugins/com.st.stm32cube.ide.mcu.externaltools.gnu-tools-for-stm32.12.3.rel1.win32_1.0.100.202403111256/tools/bin/../lib/gcc/arm-none-eabi/12.3.1/../../../../arm-none-eabi/lib/thumb/v7-m/nofp\libc_nano.a(libc_a-stdio.o)
                0x08007782                __sseek
 .text.__sclose
                0x080077a6        0x8 D:/software/ICT/STM32CubeIDE_1.15.1/STM32CubeIDE/plugins/com.st.stm32cube.ide.mcu.externaltools.gnu-tools-for-stm32.12.3.rel1.win32_1.0.100.202403111256/tools/bin/../lib/gcc/arm-none-eabi/12.3.1/../../../../arm-none-eabi/lib/thumb/v7-m/nofp\libc_nano.a(libc_a-stdio.o)
                0x080077a6                __sclose
 .text.memset   0x080077ae       0x10 D:/software/ICT/STM32CubeIDE_1.15.1/STM32CubeIDE/plugins/com.st.stm32cube.ide.mcu.externaltools.gnu-tools-for-stm32.12.3.rel1.win32_1.0.100.202403111256/tools/bin/../lib/gcc/arm-none-eabi/12.3.1/../../../../arm-none-eabi/lib/thumb/v7-m/nofp\libc_nano.a(libc_a-memset.o)
                0x080077ae                memset
 *fill*         0x080077be        0x2 
 .text._localeconv_r
                0x080077c0        0x8 D:/software/ICT/STM32CubeIDE_1.15.1/STM32CubeIDE/plugins/com.st.stm32cube.ide.mcu.externaltools.gnu-tools-for-stm32.12.3.rel1.win32_1.0.100.202403111256/tools/bin/../lib/gcc/arm-none-eabi/12.3.1/../../../../arm-none-eabi/lib/thumb/v7-m/nofp\libc_nano.a(libc_a-localeconv.o)
                0x080077c0                _localeconv_r
 .text._close_r
                0x080077c8       0x20 D:/software/ICT/STM32CubeIDE_1.15.1/STM32CubeIDE/plugins/com.st.stm32cube.ide.mcu.externaltools.gnu-tools-for-stm32.12.3.rel1.win32_1.0.100.202403111256/tools/bin/../lib/gcc/arm-none-eabi/12.3.1/../../../../arm-none-eabi/lib/thumb/v7-m/nofp\libc_nano.a(libc_a-closer.o)
                0x080077c8                _close_r
 .text._lseek_r
                0x080077e8       0x24 D:/software/ICT/STM32CubeIDE_1.15.1/STM32CubeIDE/plugins/com.st.stm32cube.ide.mcu.externaltools.gnu-tools-for-stm32.12.3.rel1.win32_1.0.100.202403111256/tools/bin/../lib/gcc/arm-none-eabi/12.3.1/../../../../arm-none-eabi/lib/thumb/v7-m/nofp\libc_nano.a(libc_a-lseekr.o)
                0x080077e8                _lseek_r
 .text._read_r  0x0800780c       0x24 D:/software/ICT/STM32CubeIDE_1.15.1/STM32CubeIDE/plugins/com.st.stm32cube.ide.mcu.externaltools.gnu-tools-for-stm32.12.3.rel1.win32_1.0.100.202403111256/tools/bin/../lib/gcc/arm-none-eabi/12.3.1/../../../../arm-none-eabi/lib/thumb/v7-m/nofp\libc_nano.a(libc_a-readr.o)
                0x0800780c                _read_r
 .text._write_r
                0x08007830       0x24 D:/software/ICT/STM32CubeIDE_1.15.1/STM32CubeIDE/plugins/com.st.stm32cube.ide.mcu.externaltools.gnu-tools-for-stm32.12.3.rel1.win32_1.0.100.202403111256/tools/bin/../lib/gcc/arm-none-eabi/12.3.1/../../../../arm-none-eabi/lib/thumb/v7-m/nofp\libc_nano.a(libc_a-writer.o)
                0x08007830                _write_r
 .text.__errno  0x08007854        0xc D:/software/ICT/STM32CubeIDE_1.15.1/STM32CubeIDE/plugins/com.st.stm32cube.ide.mcu.externaltools.gnu-tools-for-stm32.12.3.rel1.win32_1.0.100.202403111256/tools/bin/../lib/gcc/arm-none-eabi/12.3.1/../../../../arm-none-eabi/lib/thumb/v7-m/nofp\libc_nano.a(libc_a-errno.o)
                0x08007854                __errno
 .text.__libc_init_array
                0x08007860       0x48 D:/software/ICT/STM32CubeIDE_1.15.1/STM32CubeIDE/plugins/com.st.stm32cube.ide.mcu.externaltools.gnu-tools-for-stm32.12.3.rel1.win32_1.0.100.202403111256/tools/bin/../lib/gcc/arm-none-eabi/12.3.1/../../../../arm-none-eabi/lib/thumb/v7-m/nofp\libc_nano.a(libc_a-init.o)
                0x08007860                __libc_init_array
 .text.__retarget_lock_init_recursive
                0x080078a8        0x2 D:/software/ICT/STM32CubeIDE_1.15.1/STM32CubeIDE/plugins/com.st.stm32cube.ide.mcu.externaltools.gnu-tools-for-stm32.12.3.rel1.win32_1.0.100.202403111256/tools/bin/../lib/gcc/arm-none-eabi/12.3.1/../../../../arm-none-eabi/lib/thumb/v7-m/nofp\libc_nano.a(libc_a-lock.o)
                0x080078a8                __retarget_lock_init_recursive
 .text.__retarget_lock_acquire_recursive
                0x080078aa        0x2 D:/software/ICT/STM32CubeIDE_1.15.1/STM32CubeIDE/plugins/com.st.stm32cube.ide.mcu.externaltools.gnu-tools-for-stm32.12.3.rel1.win32_1.0.100.202403111256/tools/bin/../lib/gcc/arm-none-eabi/12.3.1/../../../../arm-none-eabi/lib/thumb/v7-m/nofp\libc_nano.a(libc_a-lock.o)
                0x080078aa                __retarget_lock_acquire_recursive
 .text.__retarget_lock_release_recursive
                0x080078ac        0x2 D:/software/ICT/STM32CubeIDE_1.15.1/STM32CubeIDE/plugins/com.st.stm32cube.ide.mcu.externaltools.gnu-tools-for-stm32.12.3.rel1.win32_1.0.100.202403111256/tools/bin/../lib/gcc/arm-none-eabi/12.3.1/../../../../arm-none-eabi/lib/thumb/v7-m/nofp\libc_nano.a(libc_a-lock.o)
                0x080078ac                __retarget_lock_release_recursive
 .text.memchr   0x080078ae       0x1c D:/software/ICT/STM32CubeIDE_1.15.1/STM32CubeIDE/plugins/com.st.stm32cube.ide.mcu.externaltools.gnu-tools-for-stm32.12.3.rel1.win32_1.0.100.202403111256/tools/bin/../lib/gcc/arm-none-eabi/12.3.1/../../../../arm-none-eabi/lib/thumb/v7-m/nofp\libc_nano.a(libc_a-memchr-stub.o)
                0x080078ae                memchr
 .text.memcpy   0x080078ca       0x1c D:/software/ICT/STM32CubeIDE_1.15.1/STM32CubeIDE/plugins/com.st.stm32cube.ide.mcu.externaltools.gnu-tools-for-stm32.12.3.rel1.win32_1.0.100.202403111256/tools/bin/../lib/gcc/arm-none-eabi/12.3.1/../../../../arm-none-eabi/lib/thumb/v7-m/nofp\libc_nano.a(libc_a-memcpy-stub.o)
                0x080078ca                memcpy
 *fill*         0x080078e6        0x2 
 .text.nanf     0x080078e8        0x8 D:/software/ICT/STM32CubeIDE_1.15.1/STM32CubeIDE/plugins/com.st.stm32cube.ide.mcu.externaltools.gnu-tools-for-stm32.12.3.rel1.win32_1.0.100.202403111256/tools/bin/../lib/gcc/arm-none-eabi/12.3.1/../../../../arm-none-eabi/lib/thumb/v7-m/nofp\libc_nano.a(libm_a-sf_nan.o)
                0x080078e8                nanf
 .text.quorem   0x080078f0      0x110 D:/software/ICT/STM32CubeIDE_1.15.1/STM32CubeIDE/plugins/com.st.stm32cube.ide.mcu.externaltools.gnu-tools-for-stm32.12.3.rel1.win32_1.0.100.202403111256/tools/bin/../lib/gcc/arm-none-eabi/12.3.1/../../../../arm-none-eabi/lib/thumb/v7-m/nofp\libc_nano.a(libc_a-dtoa.o)
 .text._dtoa_r  0x08007a00      0xb90 D:/software/ICT/STM32CubeIDE_1.15.1/STM32CubeIDE/plugins/com.st.stm32cube.ide.mcu.externaltools.gnu-tools-for-stm32.12.3.rel1.win32_1.0.100.202403111256/tools/bin/../lib/gcc/arm-none-eabi/12.3.1/../../../../arm-none-eabi/lib/thumb/v7-m/nofp\libc_nano.a(libc_a-dtoa.o)
                0x08007a00                _dtoa_r
 .text._free_r  0x08008590       0x90 D:/software/ICT/STM32CubeIDE_1.15.1/STM32CubeIDE/plugins/com.st.stm32cube.ide.mcu.externaltools.gnu-tools-for-stm32.12.3.rel1.win32_1.0.100.202403111256/tools/bin/../lib/gcc/arm-none-eabi/12.3.1/../../../../arm-none-eabi/lib/thumb/v7-m/nofp\libc_nano.a(libc_a-freer.o)
                0x08008590                _free_r
 .text.malloc   0x08008620       0x10 D:/software/ICT/STM32CubeIDE_1.15.1/STM32CubeIDE/plugins/com.st.stm32cube.ide.mcu.externaltools.gnu-tools-for-stm32.12.3.rel1.win32_1.0.100.202403111256/tools/bin/../lib/gcc/arm-none-eabi/12.3.1/../../../../arm-none-eabi/lib/thumb/v7-m/nofp\libc_nano.a(libc_a-malloc.o)
                0x08008620                malloc
 .text.sbrk_aligned
                0x08008630       0x44 D:/software/ICT/STM32CubeIDE_1.15.1/STM32CubeIDE/plugins/com.st.stm32cube.ide.mcu.externaltools.gnu-tools-for-stm32.12.3.rel1.win32_1.0.100.202403111256/tools/bin/../lib/gcc/arm-none-eabi/12.3.1/../../../../arm-none-eabi/lib/thumb/v7-m/nofp\libc_nano.a(libc_a-mallocr.o)
 .text._malloc_r
                0x08008674      0x100 D:/software/ICT/STM32CubeIDE_1.15.1/STM32CubeIDE/plugins/com.st.stm32cube.ide.mcu.externaltools.gnu-tools-for-stm32.12.3.rel1.win32_1.0.100.202403111256/tools/bin/../lib/gcc/arm-none-eabi/12.3.1/../../../../arm-none-eabi/lib/thumb/v7-m/nofp\libc_nano.a(libc_a-mallocr.o)
                0x08008674                _malloc_r
 .text.__malloc_lock
                0x08008774        0xc D:/software/ICT/STM32CubeIDE_1.15.1/STM32CubeIDE/plugins/com.st.stm32cube.ide.mcu.externaltools.gnu-tools-for-stm32.12.3.rel1.win32_1.0.100.202403111256/tools/bin/../lib/gcc/arm-none-eabi/12.3.1/../../../../arm-none-eabi/lib/thumb/v7-m/nofp\libc_nano.a(libc_a-mlock.o)
                0x08008774                __malloc_lock
 .text.__malloc_unlock
                0x08008780        0xc D:/software/ICT/STM32CubeIDE_1.15.1/STM32CubeIDE/plugins/com.st.stm32cube.ide.mcu.externaltools.gnu-tools-for-stm32.12.3.rel1.win32_1.0.100.202403111256/tools/bin/../lib/gcc/arm-none-eabi/12.3.1/../../../../arm-none-eabi/lib/thumb/v7-m/nofp\libc_nano.a(libc_a-mlock.o)
                0x08008780                __malloc_unlock
 .text._Balloc  0x0800878c       0x80 D:/software/ICT/STM32CubeIDE_1.15.1/STM32CubeIDE/plugins/com.st.stm32cube.ide.mcu.externaltools.gnu-tools-for-stm32.12.3.rel1.win32_1.0.100.202403111256/tools/bin/../lib/gcc/arm-none-eabi/12.3.1/../../../../arm-none-eabi/lib/thumb/v7-m/nofp\libc_nano.a(libc_a-mprec.o)
                0x0800878c                _Balloc
 .text._Bfree   0x0800880c       0x44 D:/software/ICT/STM32CubeIDE_1.15.1/STM32CubeIDE/plugins/com.st.stm32cube.ide.mcu.externaltools.gnu-tools-for-stm32.12.3.rel1.win32_1.0.100.202403111256/tools/bin/../lib/gcc/arm-none-eabi/12.3.1/../../../../arm-none-eabi/lib/thumb/v7-m/nofp\libc_nano.a(libc_a-mprec.o)
                0x0800880c                _Bfree
 .text.__multadd
                0x08008850       0x8c D:/software/ICT/STM32CubeIDE_1.15.1/STM32CubeIDE/plugins/com.st.stm32cube.ide.mcu.externaltools.gnu-tools-for-stm32.12.3.rel1.win32_1.0.100.202403111256/tools/bin/../lib/gcc/arm-none-eabi/12.3.1/../../../../arm-none-eabi/lib/thumb/v7-m/nofp\libc_nano.a(libc_a-mprec.o)
                0x08008850                __multadd
 .text.__s2b    0x080088dc       0x94 D:/software/ICT/STM32CubeIDE_1.15.1/STM32CubeIDE/plugins/com.st.stm32cube.ide.mcu.externaltools.gnu-tools-for-stm32.12.3.rel1.win32_1.0.100.202403111256/tools/bin/../lib/gcc/arm-none-eabi/12.3.1/../../../../arm-none-eabi/lib/thumb/v7-m/nofp\libc_nano.a(libc_a-mprec.o)
                0x080088dc                __s2b
 .text.__hi0bits
                0x08008970       0x3e D:/software/ICT/STM32CubeIDE_1.15.1/STM32CubeIDE/plugins/com.st.stm32cube.ide.mcu.externaltools.gnu-tools-for-stm32.12.3.rel1.win32_1.0.100.202403111256/tools/bin/../lib/gcc/arm-none-eabi/12.3.1/../../../../arm-none-eabi/lib/thumb/v7-m/nofp\libc_nano.a(libc_a-mprec.o)
                0x08008970                __hi0bits
 .text.__lo0bits
                0x080089ae       0x5a D:/software/ICT/STM32CubeIDE_1.15.1/STM32CubeIDE/plugins/com.st.stm32cube.ide.mcu.externaltools.gnu-tools-for-stm32.12.3.rel1.win32_1.0.100.202403111256/tools/bin/../lib/gcc/arm-none-eabi/12.3.1/../../../../arm-none-eabi/lib/thumb/v7-m/nofp\libc_nano.a(libc_a-mprec.o)
                0x080089ae                __lo0bits
 .text.__i2b    0x08008a08       0x2c D:/software/ICT/STM32CubeIDE_1.15.1/STM32CubeIDE/plugins/com.st.stm32cube.ide.mcu.externaltools.gnu-tools-for-stm32.12.3.rel1.win32_1.0.100.202403111256/tools/bin/../lib/gcc/arm-none-eabi/12.3.1/../../../../arm-none-eabi/lib/thumb/v7-m/nofp\libc_nano.a(libc_a-mprec.o)
                0x08008a08                __i2b
 .text.__multiply
                0x08008a34      0x150 D:/software/ICT/STM32CubeIDE_1.15.1/STM32CubeIDE/plugins/com.st.stm32cube.ide.mcu.externaltools.gnu-tools-for-stm32.12.3.rel1.win32_1.0.100.202403111256/tools/bin/../lib/gcc/arm-none-eabi/12.3.1/../../../../arm-none-eabi/lib/thumb/v7-m/nofp\libc_nano.a(libc_a-mprec.o)
                0x08008a34                __multiply
 .text.__pow5mult
                0x08008b84       0xb4 D:/software/ICT/STM32CubeIDE_1.15.1/STM32CubeIDE/plugins/com.st.stm32cube.ide.mcu.externaltools.gnu-tools-for-stm32.12.3.rel1.win32_1.0.100.202403111256/tools/bin/../lib/gcc/arm-none-eabi/12.3.1/../../../../arm-none-eabi/lib/thumb/v7-m/nofp\libc_nano.a(libc_a-mprec.o)
                0x08008b84                __pow5mult
 .text.__lshift
                0x08008c38       0xd8 D:/software/ICT/STM32CubeIDE_1.15.1/STM32CubeIDE/plugins/com.st.stm32cube.ide.mcu.externaltools.gnu-tools-for-stm32.12.3.rel1.win32_1.0.100.202403111256/tools/bin/../lib/gcc/arm-none-eabi/12.3.1/../../../../arm-none-eabi/lib/thumb/v7-m/nofp\libc_nano.a(libc_a-mprec.o)
                0x08008c38                __lshift
 .text.__mcmp   0x08008d10       0x36 D:/software/ICT/STM32CubeIDE_1.15.1/STM32CubeIDE/plugins/com.st.stm32cube.ide.mcu.externaltools.gnu-tools-for-stm32.12.3.rel1.win32_1.0.100.202403111256/tools/bin/../lib/gcc/arm-none-eabi/12.3.1/../../../../arm-none-eabi/lib/thumb/v7-m/nofp\libc_nano.a(libc_a-mprec.o)
                0x08008d10                __mcmp
 *fill*         0x08008d46        0x2 
 .text.__mdiff  0x08008d48      0x128 D:/software/ICT/STM32CubeIDE_1.15.1/STM32CubeIDE/plugins/com.st.stm32cube.ide.mcu.externaltools.gnu-tools-for-stm32.12.3.rel1.win32_1.0.100.202403111256/tools/bin/../lib/gcc/arm-none-eabi/12.3.1/../../../../arm-none-eabi/lib/thumb/v7-m/nofp\libc_nano.a(libc_a-mprec.o)
                0x08008d48                __mdiff
 .text.__ulp    0x08008e70       0x40 D:/software/ICT/STM32CubeIDE_1.15.1/STM32CubeIDE/plugins/com.st.stm32cube.ide.mcu.externaltools.gnu-tools-for-stm32.12.3.rel1.win32_1.0.100.202403111256/tools/bin/../lib/gcc/arm-none-eabi/12.3.1/../../../../arm-none-eabi/lib/thumb/v7-m/nofp\libc_nano.a(libc_a-mprec.o)
                0x08008e70                __ulp
 .text.__b2d    0x08008eb0       0x90 D:/software/ICT/STM32CubeIDE_1.15.1/STM32CubeIDE/plugins/com.st.stm32cube.ide.mcu.externaltools.gnu-tools-for-stm32.12.3.rel1.win32_1.0.100.202403111256/tools/bin/../lib/gcc/arm-none-eabi/12.3.1/../../../../arm-none-eabi/lib/thumb/v7-m/nofp\libc_nano.a(libc_a-mprec.o)
                0x08008eb0                __b2d
 .text.__d2b    0x08008f40       0xb0 D:/software/ICT/STM32CubeIDE_1.15.1/STM32CubeIDE/plugins/com.st.stm32cube.ide.mcu.externaltools.gnu-tools-for-stm32.12.3.rel1.win32_1.0.100.202403111256/tools/bin/../lib/gcc/arm-none-eabi/12.3.1/../../../../arm-none-eabi/lib/thumb/v7-m/nofp\libc_nano.a(libc_a-mprec.o)
                0x08008f40                __d2b
 .text.__ratio  0x08008ff0       0x60 D:/software/ICT/STM32CubeIDE_1.15.1/STM32CubeIDE/plugins/com.st.stm32cube.ide.mcu.externaltools.gnu-tools-for-stm32.12.3.rel1.win32_1.0.100.202403111256/tools/bin/../lib/gcc/arm-none-eabi/12.3.1/../../../../arm-none-eabi/lib/thumb/v7-m/nofp\libc_nano.a(libc_a-mprec.o)
                0x08008ff0                __ratio
 .text.__copybits
                0x08009050       0x46 D:/software/ICT/STM32CubeIDE_1.15.1/STM32CubeIDE/plugins/com.st.stm32cube.ide.mcu.externaltools.gnu-tools-for-stm32.12.3.rel1.win32_1.0.100.202403111256/tools/bin/../lib/gcc/arm-none-eabi/12.3.1/../../../../arm-none-eabi/lib/thumb/v7-m/nofp\libc_nano.a(libc_a-mprec.o)
                0x08009050                __copybits
 .text.__any_on
                0x08009096       0x42 D:/software/ICT/STM32CubeIDE_1.15.1/STM32CubeIDE/plugins/com.st.stm32cube.ide.mcu.externaltools.gnu-tools-for-stm32.12.3.rel1.win32_1.0.100.202403111256/tools/bin/../lib/gcc/arm-none-eabi/12.3.1/../../../../arm-none-eabi/lib/thumb/v7-m/nofp\libc_nano.a(libc_a-mprec.o)
                0x08009096                __any_on
 .text.sulp     0x080090d8       0x42 D:/software/ICT/STM32CubeIDE_1.15.1/STM32CubeIDE/plugins/com.st.stm32cube.ide.mcu.externaltools.gnu-tools-for-stm32.12.3.rel1.win32_1.0.100.202403111256/tools/bin/../lib/gcc/arm-none-eabi/12.3.1/../../../../arm-none-eabi/lib/thumb/v7-m/nofp\libc_nano.a(libc_a-strtod.o)
 *fill*         0x0800911a        0x6 
 .text._strtod_l
                0x08009120      0xbb0 D:/software/ICT/STM32CubeIDE_1.15.1/STM32CubeIDE/plugins/com.st.stm32cube.ide.mcu.externaltools.gnu-tools-for-stm32.12.3.rel1.win32_1.0.100.202403111256/tools/bin/../lib/gcc/arm-none-eabi/12.3.1/../../../../arm-none-eabi/lib/thumb/v7-m/nofp\libc_nano.a(libc_a-strtod.o)
                0x08009120                _strtod_l
 .text._strtod_r
                0x08009cd0        0xc D:/software/ICT/STM32CubeIDE_1.15.1/STM32CubeIDE/plugins/com.st.stm32cube.ide.mcu.externaltools.gnu-tools-for-stm32.12.3.rel1.win32_1.0.100.202403111256/tools/bin/../lib/gcc/arm-none-eabi/12.3.1/../../../../arm-none-eabi/lib/thumb/v7-m/nofp\libc_nano.a(libc_a-strtod.o)
                0x08009cd0                _strtod_r
 .text._strtol_l.constprop.0
                0x08009cdc       0xf4 D:/software/ICT/STM32CubeIDE_1.15.1/STM32CubeIDE/plugins/com.st.stm32cube.ide.mcu.externaltools.gnu-tools-for-stm32.12.3.rel1.win32_1.0.100.202403111256/tools/bin/../lib/gcc/arm-none-eabi/12.3.1/../../../../arm-none-eabi/lib/thumb/v7-m/nofp\libc_nano.a(libc_a-strtol.o)
 .text._strtol_r
                0x08009dd0        0x4 D:/software/ICT/STM32CubeIDE_1.15.1/STM32CubeIDE/plugins/com.st.stm32cube.ide.mcu.externaltools.gnu-tools-for-stm32.12.3.rel1.win32_1.0.100.202403111256/tools/bin/../lib/gcc/arm-none-eabi/12.3.1/../../../../arm-none-eabi/lib/thumb/v7-m/nofp\libc_nano.a(libc_a-strtol.o)
                0x08009dd0                _strtol_r
 .text.__ssputs_r
                0x08009dd4       0xb6 D:/software/ICT/STM32CubeIDE_1.15.1/STM32CubeIDE/plugins/com.st.stm32cube.ide.mcu.externaltools.gnu-tools-for-stm32.12.3.rel1.win32_1.0.100.202403111256/tools/bin/../lib/gcc/arm-none-eabi/12.3.1/../../../../arm-none-eabi/lib/thumb/v7-m/nofp\libc_nano.a(libc_a-nano-svfprintf.o)
                0x08009dd4                __ssputs_r
 *fill*         0x08009e8a        0x2 
 .text._svfprintf_r
                0x08009e8c      0x1f8 D:/software/ICT/STM32CubeIDE_1.15.1/STM32CubeIDE/plugins/com.st.stm32cube.ide.mcu.externaltools.gnu-tools-for-stm32.12.3.rel1.win32_1.0.100.202403111256/tools/bin/../lib/gcc/arm-none-eabi/12.3.1/../../../../arm-none-eabi/lib/thumb/v7-m/nofp\libc_nano.a(libc_a-nano-svfprintf.o)
                0x08009e8c                _svfiprintf_r
                0x08009e8c                _svfprintf_r
 .text.__sflush_r
                0x0800a084      0x100 D:/software/ICT/STM32CubeIDE_1.15.1/STM32CubeIDE/plugins/com.st.stm32cube.ide.mcu.externaltools.gnu-tools-for-stm32.12.3.rel1.win32_1.0.100.202403111256/tools/bin/../lib/gcc/arm-none-eabi/12.3.1/../../../../arm-none-eabi/lib/thumb/v7-m/nofp\libc_nano.a(libc_a-fflush.o)
                0x0800a084                __sflush_r
 .text._fflush_r
                0x0800a184       0x50 D:/software/ICT/STM32CubeIDE_1.15.1/STM32CubeIDE/plugins/com.st.stm32cube.ide.mcu.externaltools.gnu-tools-for-stm32.12.3.rel1.win32_1.0.100.202403111256/tools/bin/../lib/gcc/arm-none-eabi/12.3.1/../../../../arm-none-eabi/lib/thumb/v7-m/nofp\libc_nano.a(libc_a-fflush.o)
                0x0800a184                _fflush_r
 .text.memmove  0x0800a1d4       0x34 D:/software/ICT/STM32CubeIDE_1.15.1/STM32CubeIDE/plugins/com.st.stm32cube.ide.mcu.externaltools.gnu-tools-for-stm32.12.3.rel1.win32_1.0.100.202403111256/tools/bin/../lib/gcc/arm-none-eabi/12.3.1/../../../../arm-none-eabi/lib/thumb/v7-m/nofp\libc_nano.a(libc_a-memmove.o)
                0x0800a1d4                memmove
 .text.strncmp  0x0800a208       0x24 D:/software/ICT/STM32CubeIDE_1.15.1/STM32CubeIDE/plugins/com.st.stm32cube.ide.mcu.externaltools.gnu-tools-for-stm32.12.3.rel1.win32_1.0.100.202403111256/tools/bin/../lib/gcc/arm-none-eabi/12.3.1/../../../../arm-none-eabi/lib/thumb/v7-m/nofp\libc_nano.a(libc_a-strncmp.o)
                0x0800a208                strncmp
 .text._sbrk_r  0x0800a22c       0x20 D:/software/ICT/STM32CubeIDE_1.15.1/STM32CubeIDE/plugins/com.st.stm32cube.ide.mcu.externaltools.gnu-tools-for-stm32.12.3.rel1.win32_1.0.100.202403111256/tools/bin/../lib/gcc/arm-none-eabi/12.3.1/../../../../arm-none-eabi/lib/thumb/v7-m/nofp\libc_nano.a(libc_a-sbrkr.o)
                0x0800a22c                _sbrk_r
 .text.nan      0x0800a24c        0xc D:/software/ICT/STM32CubeIDE_1.15.1/STM32CubeIDE/plugins/com.st.stm32cube.ide.mcu.externaltools.gnu-tools-for-stm32.12.3.rel1.win32_1.0.100.202403111256/tools/bin/../lib/gcc/arm-none-eabi/12.3.1/../../../../arm-none-eabi/lib/thumb/v7-m/nofp\libc_nano.a(libm_a-s_nan.o)
                0x0800a24c                nan
 .text.__assert_func
                0x0800a258       0x3c D:/software/ICT/STM32CubeIDE_1.15.1/STM32CubeIDE/plugins/com.st.stm32cube.ide.mcu.externaltools.gnu-tools-for-stm32.12.3.rel1.win32_1.0.100.202403111256/tools/bin/../lib/gcc/arm-none-eabi/12.3.1/../../../../arm-none-eabi/lib/thumb/v7-m/nofp\libc_nano.a(libc_a-assert.o)
                0x0800a258                __assert_func
 .text._calloc_r
                0x0800a294       0x28 D:/software/ICT/STM32CubeIDE_1.15.1/STM32CubeIDE/plugins/com.st.stm32cube.ide.mcu.externaltools.gnu-tools-for-stm32.12.3.rel1.win32_1.0.100.202403111256/tools/bin/../lib/gcc/arm-none-eabi/12.3.1/../../../../arm-none-eabi/lib/thumb/v7-m/nofp\libc_nano.a(libc_a-callocr.o)
                0x0800a294                _calloc_r
 .text.rshift   0x0800a2bc       0xa6 D:/software/ICT/STM32CubeIDE_1.15.1/STM32CubeIDE/plugins/com.st.stm32cube.ide.mcu.externaltools.gnu-tools-for-stm32.12.3.rel1.win32_1.0.100.202403111256/tools/bin/../lib/gcc/arm-none-eabi/12.3.1/../../../../arm-none-eabi/lib/thumb/v7-m/nofp\libc_nano.a(libc_a-gdtoa-gethex.o)
 .text.__hexdig_fun
                0x0800a362       0x2a D:/software/ICT/STM32CubeIDE_1.15.1/STM32CubeIDE/plugins/com.st.stm32cube.ide.mcu.externaltools.gnu-tools-for-stm32.12.3.rel1.win32_1.0.100.202403111256/tools/bin/../lib/gcc/arm-none-eabi/12.3.1/../../../../arm-none-eabi/lib/thumb/v7-m/nofp\libc_nano.a(libc_a-gdtoa-gethex.o)
                0x0800a362                __hexdig_fun
 .text.__gethex
                0x0800a38c      0x420 D:/software/ICT/STM32CubeIDE_1.15.1/STM32CubeIDE/plugins/com.st.stm32cube.ide.mcu.externaltools.gnu-tools-for-stm32.12.3.rel1.win32_1.0.100.202403111256/tools/bin/../lib/gcc/arm-none-eabi/12.3.1/../../../../arm-none-eabi/lib/thumb/v7-m/nofp\libc_nano.a(libc_a-gdtoa-gethex.o)
                0x0800a38c                __gethex
 .text.L_shift  0x0800a7ac       0x24 D:/software/ICT/STM32CubeIDE_1.15.1/STM32CubeIDE/plugins/com.st.stm32cube.ide.mcu.externaltools.gnu-tools-for-stm32.12.3.rel1.win32_1.0.100.202403111256/tools/bin/../lib/gcc/arm-none-eabi/12.3.1/../../../../arm-none-eabi/lib/thumb/v7-m/nofp\libc_nano.a(libc_a-gdtoa-hexnan.o)
 .text.__match  0x0800a7d0       0x28 D:/software/ICT/STM32CubeIDE_1.15.1/STM32CubeIDE/plugins/com.st.stm32cube.ide.mcu.externaltools.gnu-tools-for-stm32.12.3.rel1.win32_1.0.100.202403111256/tools/bin/../lib/gcc/arm-none-eabi/12.3.1/../../../../arm-none-eabi/lib/thumb/v7-m/nofp\libc_nano.a(libc_a-gdtoa-hexnan.o)
                0x0800a7d0                __match
 .text.__hexnan
                0x0800a7f8      0x136 D:/software/ICT/STM32CubeIDE_1.15.1/STM32CubeIDE/plugins/com.st.stm32cube.ide.mcu.externaltools.gnu-tools-for-stm32.12.3.rel1.win32_1.0.100.202403111256/tools/bin/../lib/gcc/arm-none-eabi/12.3.1/../../../../arm-none-eabi/lib/thumb/v7-m/nofp\libc_nano.a(libc_a-gdtoa-hexnan.o)
                0x0800a7f8                __hexnan
 .text.__ascii_mbtowc
                0x0800a92e       0x24 D:/software/ICT/STM32CubeIDE_1.15.1/STM32CubeIDE/plugins/com.st.stm32cube.ide.mcu.externaltools.gnu-tools-for-stm32.12.3.rel1.win32_1.0.100.202403111256/tools/bin/../lib/gcc/arm-none-eabi/12.3.1/../../../../arm-none-eabi/lib/thumb/v7-m/nofp\libc_nano.a(libc_a-mbtowc_r.o)
                0x0800a92e                __ascii_mbtowc
 .text._realloc_r
                0x0800a952       0x5c D:/software/ICT/STM32CubeIDE_1.15.1/STM32CubeIDE/plugins/com.st.stm32cube.ide.mcu.externaltools.gnu-tools-for-stm32.12.3.rel1.win32_1.0.100.202403111256/tools/bin/../lib/gcc/arm-none-eabi/12.3.1/../../../../arm-none-eabi/lib/thumb/v7-m/nofp\libc_nano.a(libc_a-reallocr.o)
                0x0800a952                _realloc_r
 .text.__ascii_wctomb
                0x0800a9ae       0x1a D:/software/ICT/STM32CubeIDE_1.15.1/STM32CubeIDE/plugins/com.st.stm32cube.ide.mcu.externaltools.gnu-tools-for-stm32.12.3.rel1.win32_1.0.100.202403111256/tools/bin/../lib/gcc/arm-none-eabi/12.3.1/../../../../arm-none-eabi/lib/thumb/v7-m/nofp\libc_nano.a(libc_a-wctomb_r.o)
                0x0800a9ae                __ascii_wctomb
 .text.fprintf  0x0800a9c8       0x24 D:/software/ICT/STM32CubeIDE_1.15.1/STM32CubeIDE/plugins/com.st.stm32cube.ide.mcu.externaltools.gnu-tools-for-stm32.12.3.rel1.win32_1.0.100.202403111256/tools/bin/../lib/gcc/arm-none-eabi/12.3.1/../../../../arm-none-eabi/lib/thumb/v7-m/nofp\libc_nano.a(libc_a-fprintf.o)
                0x0800a9c8                fiprintf
                0x0800a9c8                fprintf
 .text.abort    0x0800a9ec        0xe D:/software/ICT/STM32CubeIDE_1.15.1/STM32CubeIDE/plugins/com.st.stm32cube.ide.mcu.externaltools.gnu-tools-for-stm32.12.3.rel1.win32_1.0.100.202403111256/tools/bin/../lib/gcc/arm-none-eabi/12.3.1/../../../../arm-none-eabi/lib/thumb/v7-m/nofp\libc_nano.a(libc_a-abort.o)
                0x0800a9ec                abort
 .text._malloc_usable_size_r
                0x0800a9fa       0x10 D:/software/ICT/STM32CubeIDE_1.15.1/STM32CubeIDE/plugins/com.st.stm32cube.ide.mcu.externaltools.gnu-tools-for-stm32.12.3.rel1.win32_1.0.100.202403111256/tools/bin/../lib/gcc/arm-none-eabi/12.3.1/../../../../arm-none-eabi/lib/thumb/v7-m/nofp\libc_nano.a(libc_a-msizer.o)
                0x0800a9fa                _malloc_usable_size_r
 .text.__sfputc_r
                0x0800aa0a       0x2a D:/software/ICT/STM32CubeIDE_1.15.1/STM32CubeIDE/plugins/com.st.stm32cube.ide.mcu.externaltools.gnu-tools-for-stm32.12.3.rel1.win32_1.0.100.202403111256/tools/bin/../lib/gcc/arm-none-eabi/12.3.1/../../../../arm-none-eabi/lib/thumb/v7-m/nofp\libc_nano.a(libc_a-nano-vfprintf.o)
 .text.__sfputs_r
                0x0800aa34       0x24 D:/software/ICT/STM32CubeIDE_1.15.1/STM32CubeIDE/plugins/com.st.stm32cube.ide.mcu.externaltools.gnu-tools-for-stm32.12.3.rel1.win32_1.0.100.202403111256/tools/bin/../lib/gcc/arm-none-eabi/12.3.1/../../../../arm-none-eabi/lib/thumb/v7-m/nofp\libc_nano.a(libc_a-nano-vfprintf.o)
                0x0800aa34                __sfputs_r
 .text._vfprintf_r
                0x0800aa58      0x230 D:/software/ICT/STM32CubeIDE_1.15.1/STM32CubeIDE/plugins/com.st.stm32cube.ide.mcu.externaltools.gnu-tools-for-stm32.12.3.rel1.win32_1.0.100.202403111256/tools/bin/../lib/gcc/arm-none-eabi/12.3.1/../../../../arm-none-eabi/lib/thumb/v7-m/nofp\libc_nano.a(libc_a-nano-vfprintf.o)
                0x0800aa58                _vfprintf_r
                0x0800aa58                _vfiprintf_r
 .text.__swbuf_r
                0x0800ac88       0x7c D:/software/ICT/STM32CubeIDE_1.15.1/STM32CubeIDE/plugins/com.st.stm32cube.ide.mcu.externaltools.gnu-tools-for-stm32.12.3.rel1.win32_1.0.100.202403111256/tools/bin/../lib/gcc/arm-none-eabi/12.3.1/../../../../arm-none-eabi/lib/thumb/v7-m/nofp\libc_nano.a(libc_a-wbuf.o)
                0x0800ac88                __swbuf_r
 .text.__swsetup_r
                0x0800ad04       0xac D:/software/ICT/STM32CubeIDE_1.15.1/STM32CubeIDE/plugins/com.st.stm32cube.ide.mcu.externaltools.gnu-tools-for-stm32.12.3.rel1.win32_1.0.100.202403111256/tools/bin/../lib/gcc/arm-none-eabi/12.3.1/../../../../arm-none-eabi/lib/thumb/v7-m/nofp\libc_nano.a(libc_a-wsetup.o)
                0x0800ad04                __swsetup_r
 .text._raise_r
                0x0800adb0       0x50 D:/software/ICT/STM32CubeIDE_1.15.1/STM32CubeIDE/plugins/com.st.stm32cube.ide.mcu.externaltools.gnu-tools-for-stm32.12.3.rel1.win32_1.0.100.202403111256/tools/bin/../lib/gcc/arm-none-eabi/12.3.1/../../../../arm-none-eabi/lib/thumb/v7-m/nofp\libc_nano.a(libc_a-signal.o)
                0x0800adb0                _raise_r
 .text.raise    0x0800ae00       0x10 D:/software/ICT/STM32CubeIDE_1.15.1/STM32CubeIDE/plugins/com.st.stm32cube.ide.mcu.externaltools.gnu-tools-for-stm32.12.3.rel1.win32_1.0.100.202403111256/tools/bin/../lib/gcc/arm-none-eabi/12.3.1/../../../../arm-none-eabi/lib/thumb/v7-m/nofp\libc_nano.a(libc_a-signal.o)
                0x0800ae00                raise
 .text._kill_r  0x0800ae10       0x24 D:/software/ICT/STM32CubeIDE_1.15.1/STM32CubeIDE/plugins/com.st.stm32cube.ide.mcu.externaltools.gnu-tools-for-stm32.12.3.rel1.win32_1.0.100.202403111256/tools/bin/../lib/gcc/arm-none-eabi/12.3.1/../../../../arm-none-eabi/lib/thumb/v7-m/nofp\libc_nano.a(libc_a-signalr.o)
                0x0800ae10                _kill_r
 .text._getpid_r
                0x0800ae34        0x4 D:/software/ICT/STM32CubeIDE_1.15.1/STM32CubeIDE/plugins/com.st.stm32cube.ide.mcu.externaltools.gnu-tools-for-stm32.12.3.rel1.win32_1.0.100.202403111256/tools/bin/../lib/gcc/arm-none-eabi/12.3.1/../../../../arm-none-eabi/lib/thumb/v7-m/nofp\libc_nano.a(libc_a-signalr.o)
                0x0800ae34                _getpid_r
 .text.__swhatbuf_r
                0x0800ae38       0x4a D:/software/ICT/STM32CubeIDE_1.15.1/STM32CubeIDE/plugins/com.st.stm32cube.ide.mcu.externaltools.gnu-tools-for-stm32.12.3.rel1.win32_1.0.100.202403111256/tools/bin/../lib/gcc/arm-none-eabi/12.3.1/../../../../arm-none-eabi/lib/thumb/v7-m/nofp\libc_nano.a(libc_a-makebuf.o)
                0x0800ae38                __swhatbuf_r
 .text.__smakebuf_r
                0x0800ae82       0x78 D:/software/ICT/STM32CubeIDE_1.15.1/STM32CubeIDE/plugins/com.st.stm32cube.ide.mcu.externaltools.gnu-tools-for-stm32.12.3.rel1.win32_1.0.100.202403111256/tools/bin/../lib/gcc/arm-none-eabi/12.3.1/../../../../arm-none-eabi/lib/thumb/v7-m/nofp\libc_nano.a(libc_a-makebuf.o)
                0x0800ae82                __smakebuf_r
 *fill*         0x0800aefa        0x2 
 .text._fstat_r
                0x0800aefc       0x24 D:/software/ICT/STM32CubeIDE_1.15.1/STM32CubeIDE/plugins/com.st.stm32cube.ide.mcu.externaltools.gnu-tools-for-stm32.12.3.rel1.win32_1.0.100.202403111256/tools/bin/../lib/gcc/arm-none-eabi/12.3.1/../../../../arm-none-eabi/lib/thumb/v7-m/nofp\libc_nano.a(libc_a-fstatr.o)
                0x0800aefc                _fstat_r
 .text._isatty_r
                0x0800af20       0x20 D:/software/ICT/STM32CubeIDE_1.15.1/STM32CubeIDE/plugins/com.st.stm32cube.ide.mcu.externaltools.gnu-tools-for-stm32.12.3.rel1.win32_1.0.100.202403111256/tools/bin/../lib/gcc/arm-none-eabi/12.3.1/../../../../arm-none-eabi/lib/thumb/v7-m/nofp\libc_nano.a(libc_a-isattyr.o)
                0x0800af20                _isatty_r
 *(.glue_7)
 .glue_7        0x0800af40        0x0 linker stubs
 *(.glue_7t)
 .glue_7t       0x0800af40        0x0 linker stubs
 *(.eh_frame)
 .eh_frame      0x0800af40        0x0 D:/software/ICT/STM32CubeIDE_1.15.1/STM32CubeIDE/plugins/com.st.stm32cube.ide.mcu.externaltools.gnu-tools-for-stm32.12.3.rel1.win32_1.0.100.202403111256/tools/bin/../lib/gcc/arm-none-eabi/12.3.1/thumb/v7-m/nofp/crtbegin.o
 *(.init)
 .init          0x0800af40        0x4 D:/software/ICT/STM32CubeIDE_1.15.1/STM32CubeIDE/plugins/com.st.stm32cube.ide.mcu.externaltools.gnu-tools-for-stm32.12.3.rel1.win32_1.0.100.202403111256/tools/bin/../lib/gcc/arm-none-eabi/12.3.1/thumb/v7-m/nofp/crti.o
                0x0800af40                _init
 .init          0x0800af44        0x8 D:/software/ICT/STM32CubeIDE_1.15.1/STM32CubeIDE/plugins/com.st.stm32cube.ide.mcu.externaltools.gnu-tools-for-stm32.12.3.rel1.win32_1.0.100.202403111256/tools/bin/../lib/gcc/arm-none-eabi/12.3.1/thumb/v7-m/nofp/crtn.o
 *(.fini)
 .fini          0x0800af4c        0x4 D:/software/ICT/STM32CubeIDE_1.15.1/STM32CubeIDE/plugins/com.st.stm32cube.ide.mcu.externaltools.gnu-tools-for-stm32.12.3.rel1.win32_1.0.100.202403111256/tools/bin/../lib/gcc/arm-none-eabi/12.3.1/thumb/v7-m/nofp/crti.o
                0x0800af4c                _fini
 .fini          0x0800af50        0x8 D:/software/ICT/STM32CubeIDE_1.15.1/STM32CubeIDE/plugins/com.st.stm32cube.ide.mcu.externaltools.gnu-tools-for-stm32.12.3.rel1.win32_1.0.100.202403111256/tools/bin/../lib/gcc/arm-none-eabi/12.3.1/thumb/v7-m/nofp/crtn.o
                0x0800af58                        . = ALIGN (0x4)
                0x0800af58                        _etext = .

.vfp11_veneer   0x0800af58        0x0
 .vfp11_veneer  0x0800af58        0x0 linker stubs

.v4_bx          0x0800af58        0x0
 .v4_bx         0x0800af58        0x0 linker stubs

.iplt           0x0800af58        0x0
 .iplt          0x0800af58        0x0 D:/software/ICT/STM32CubeIDE_1.15.1/STM32CubeIDE/plugins/com.st.stm32cube.ide.mcu.externaltools.gnu-tools-for-stm32.12.3.rel1.win32_1.0.100.202403111256/tools/bin/../lib/gcc/arm-none-eabi/12.3.1/thumb/v7-m/nofp/crtbegin.o

.rodata         0x0800af58      0xfa0
                0x0800af58                        . = ALIGN (0x4)
 *(.rodata)
 .rodata        0x0800af58       0x46 ./Core/Src/main.o
 *fill*         0x0800af9e        0x2 
 .rodata        0x0800afa0        0x5 ./Middlewares/Third_Party/FreeRTOS/Source/tasks.o
 *fill*         0x0800afa5        0x3 
 .rodata        0x0800afa8        0xd ./Middlewares/Third_Party/FreeRTOS/Source/timers.o
 *(.rodata*)
 *fill*         0x0800afb5        0x3 
 .rodata.defaultTask_attributes
                0x0800afb8       0x24 ./Core/Src/main.o
                0x0800afb8                defaultTask_attributes
 .rodata.LedTask_attributes
                0x0800afdc       0x24 ./Core/Src/main.o
                0x0800afdc                LedTask_attributes
 .rodata.UartTask_attributes
                0x0800b000       0x24 ./Core/Src/main.o
                0x0800b000                UartTask_attributes
 .rodata.Uart_Queue_attributes
                0x0800b024       0x18 ./Core/Src/main.o
                0x0800b024                Uart_Queue_attributes
 .rodata.oled_asc2_1206
                0x0800b03c      0x474 ./Core/Src/oled.o
                0x0800b03c                oled_asc2_1206
 .rodata.oled_asc2_1608
                0x0800b4b0      0x5f0 ./Core/Src/oled.o
                0x0800b4b0                oled_asc2_1608
 .rodata.AHBPrescTable
                0x0800baa0       0x10 ./Core/Src/system_stm32f1xx.o
                0x0800baa0                AHBPrescTable
 .rodata.APBPrescTable
                0x0800bab0        0x8 ./Core/Src/system_stm32f1xx.o
                0x0800bab0                APBPrescTable
 .rodata.aPLLMULFactorTable.1
                0x0800bab8       0x10 ./Drivers/STM32F1xx_HAL_Driver/Src/stm32f1xx_hal_rcc.o
 .rodata.aPredivFactorTable.0
                0x0800bac8        0x2 ./Drivers/STM32F1xx_HAL_Driver/Src/stm32f1xx_hal_rcc.o
 .rodata._printf_float.str1.1
                0x0800baca       0x12 D:/software/ICT/STM32CubeIDE_1.15.1/STM32CubeIDE/plugins/com.st.stm32cube.ide.mcu.externaltools.gnu-tools-for-stm32.12.3.rel1.win32_1.0.100.202403111256/tools/bin/../lib/gcc/arm-none-eabi/12.3.1/../../../../arm-none-eabi/lib/thumb/v7-m/nofp\libc_nano.a(libc_a-nano-vfprintf_float.o)
 .rodata._printf_i.str1.1
                0x0800badc       0x22 D:/software/ICT/STM32CubeIDE_1.15.1/STM32CubeIDE/plugins/com.st.stm32cube.ide.mcu.externaltools.gnu-tools-for-stm32.12.3.rel1.win32_1.0.100.202403111256/tools/bin/../lib/gcc/arm-none-eabi/12.3.1/../../../../arm-none-eabi/lib/thumb/v7-m/nofp\libc_nano.a(libc_a-nano-vfprintf_i.o)
 .rodata._scanf_float.str1.1
                0x0800bafe        0x5 D:/software/ICT/STM32CubeIDE_1.15.1/STM32CubeIDE/plugins/com.st.stm32cube.ide.mcu.externaltools.gnu-tools-for-stm32.12.3.rel1.win32_1.0.100.202403111256/tools/bin/../lib/gcc/arm-none-eabi/12.3.1/../../../../arm-none-eabi/lib/thumb/v7-m/nofp\libc_nano.a(libc_a-nano-vfscanf_float.o)
                                  0x6 (size before relaxing)
 .rodata._dtoa_r.str1.1
                0x0800bb03       0x8d D:/software/ICT/STM32CubeIDE_1.15.1/STM32CubeIDE/plugins/com.st.stm32cube.ide.mcu.externaltools.gnu-tools-for-stm32.12.3.rel1.win32_1.0.100.202403111256/tools/bin/../lib/gcc/arm-none-eabi/12.3.1/../../../../arm-none-eabi/lib/thumb/v7-m/nofp\libc_nano.a(libc_a-dtoa.o)
                                 0x8f (size before relaxing)
 .rodata._Balloc.str1.1
                0x0800bb90       0x59 D:/software/ICT/STM32CubeIDE_1.15.1/STM32CubeIDE/plugins/com.st.stm32cube.ide.mcu.externaltools.gnu-tools-for-stm32.12.3.rel1.win32_1.0.100.202403111256/tools/bin/../lib/gcc/arm-none-eabi/12.3.1/../../../../arm-none-eabi/lib/thumb/v7-m/nofp\libc_nano.a(libc_a-mprec.o)
                                 0x70 (size before relaxing)
 .rodata.__multadd.str1.1
                0x0800bbe9       0x11 D:/software/ICT/STM32CubeIDE_1.15.1/STM32CubeIDE/plugins/com.st.stm32cube.ide.mcu.externaltools.gnu-tools-for-stm32.12.3.rel1.win32_1.0.100.202403111256/tools/bin/../lib/gcc/arm-none-eabi/12.3.1/../../../../arm-none-eabi/lib/thumb/v7-m/nofp\libc_nano.a(libc_a-mprec.o)
 *fill*         0x0800bbe9        0x3 
 .rodata.p05.0  0x0800bbec        0xc D:/software/ICT/STM32CubeIDE_1.15.1/STM32CubeIDE/plugins/com.st.stm32cube.ide.mcu.externaltools.gnu-tools-for-stm32.12.3.rel1.win32_1.0.100.202403111256/tools/bin/../lib/gcc/arm-none-eabi/12.3.1/../../../../arm-none-eabi/lib/thumb/v7-m/nofp\libc_nano.a(libc_a-mprec.o)
 .rodata.__mprec_bigtens
                0x0800bbf8       0x28 D:/software/ICT/STM32CubeIDE_1.15.1/STM32CubeIDE/plugins/com.st.stm32cube.ide.mcu.externaltools.gnu-tools-for-stm32.12.3.rel1.win32_1.0.100.202403111256/tools/bin/../lib/gcc/arm-none-eabi/12.3.1/../../../../arm-none-eabi/lib/thumb/v7-m/nofp\libc_nano.a(libc_a-mprec.o)
                0x0800bbf8                __mprec_bigtens
 .rodata.__mprec_tens
                0x0800bc20       0xc8 D:/software/ICT/STM32CubeIDE_1.15.1/STM32CubeIDE/plugins/com.st.stm32cube.ide.mcu.externaltools.gnu-tools-for-stm32.12.3.rel1.win32_1.0.100.202403111256/tools/bin/../lib/gcc/arm-none-eabi/12.3.1/../../../../arm-none-eabi/lib/thumb/v7-m/nofp\libc_nano.a(libc_a-mprec.o)
                0x0800bc20                __mprec_tens
 .rodata._strtod_l.str1.1
                0x0800bce8        0x2 D:/software/ICT/STM32CubeIDE_1.15.1/STM32CubeIDE/plugins/com.st.stm32cube.ide.mcu.externaltools.gnu-tools-for-stm32.12.3.rel1.win32_1.0.100.202403111256/tools/bin/../lib/gcc/arm-none-eabi/12.3.1/../../../../arm-none-eabi/lib/thumb/v7-m/nofp\libc_nano.a(libc_a-strtod.o)
                                  0xf (size before relaxing)
 *fill*         0x0800bcea        0x2 
 .rodata.fpinan.0
                0x0800bcec       0x14 D:/software/ICT/STM32CubeIDE_1.15.1/STM32CubeIDE/plugins/com.st.stm32cube.ide.mcu.externaltools.gnu-tools-for-stm32.12.3.rel1.win32_1.0.100.202403111256/tools/bin/../lib/gcc/arm-none-eabi/12.3.1/../../../../arm-none-eabi/lib/thumb/v7-m/nofp\libc_nano.a(libc_a-strtod.o)
 .rodata.fpi.1  0x0800bd00       0x14 D:/software/ICT/STM32CubeIDE_1.15.1/STM32CubeIDE/plugins/com.st.stm32cube.ide.mcu.externaltools.gnu-tools-for-stm32.12.3.rel1.win32_1.0.100.202403111256/tools/bin/../lib/gcc/arm-none-eabi/12.3.1/../../../../arm-none-eabi/lib/thumb/v7-m/nofp\libc_nano.a(libc_a-strtod.o)
 *fill*         0x0800bd14        0x4 
 .rodata.tinytens
                0x0800bd18       0x28 D:/software/ICT/STM32CubeIDE_1.15.1/STM32CubeIDE/plugins/com.st.stm32cube.ide.mcu.externaltools.gnu-tools-for-stm32.12.3.rel1.win32_1.0.100.202403111256/tools/bin/../lib/gcc/arm-none-eabi/12.3.1/../../../../arm-none-eabi/lib/thumb/v7-m/nofp\libc_nano.a(libc_a-strtod.o)
 .rodata._ctype_
                0x0800bd40      0x101 D:/software/ICT/STM32CubeIDE_1.15.1/STM32CubeIDE/plugins/com.st.stm32cube.ide.mcu.externaltools.gnu-tools-for-stm32.12.3.rel1.win32_1.0.100.202403111256/tools/bin/../lib/gcc/arm-none-eabi/12.3.1/../../../../arm-none-eabi/lib/thumb/v7-m/nofp\libc_nano.a(libc_a-ctype_.o)
                0x0800bd40                _ctype_
 .rodata._svfprintf_r.str1.1
                0x0800be41       0x11 D:/software/ICT/STM32CubeIDE_1.15.1/STM32CubeIDE/plugins/com.st.stm32cube.ide.mcu.externaltools.gnu-tools-for-stm32.12.3.rel1.win32_1.0.100.202403111256/tools/bin/../lib/gcc/arm-none-eabi/12.3.1/../../../../arm-none-eabi/lib/thumb/v7-m/nofp\libc_nano.a(libc_a-nano-svfprintf.o)
 .rodata._setlocale_r.str1.1
                0x0800be52        0x8 D:/software/ICT/STM32CubeIDE_1.15.1/STM32CubeIDE/plugins/com.st.stm32cube.ide.mcu.externaltools.gnu-tools-for-stm32.12.3.rel1.win32_1.0.100.202403111256/tools/bin/../lib/gcc/arm-none-eabi/12.3.1/../../../../arm-none-eabi/lib/thumb/v7-m/nofp\libc_nano.a(libc_a-locale.o)
                                  0x9 (size before relaxing)
 .rodata.str1.1
                0x0800be5a        0x2 D:/software/ICT/STM32CubeIDE_1.15.1/STM32CubeIDE/plugins/com.st.stm32cube.ide.mcu.externaltools.gnu-tools-for-stm32.12.3.rel1.win32_1.0.100.202403111256/tools/bin/../lib/gcc/arm-none-eabi/12.3.1/../../../../arm-none-eabi/lib/thumb/v7-m/nofp\libc_nano.a(libc_a-locale.o)
 .rodata.__assert_func.str1.1
                0x0800be5a       0x3c D:/software/ICT/STM32CubeIDE_1.15.1/STM32CubeIDE/plugins/com.st.stm32cube.ide.mcu.externaltools.gnu-tools-for-stm32.12.3.rel1.win32_1.0.100.202403111256/tools/bin/../lib/gcc/arm-none-eabi/12.3.1/../../../../arm-none-eabi/lib/thumb/v7-m/nofp\libc_nano.a(libc_a-assert.o)
                                 0x3d (size before relaxing)
 .rodata.__gethex.str1.1
                0x0800be96       0x60 D:/software/ICT/STM32CubeIDE_1.15.1/STM32CubeIDE/plugins/com.st.stm32cube.ide.mcu.externaltools.gnu-tools-for-stm32.12.3.rel1.win32_1.0.100.202403111256/tools/bin/../lib/gcc/arm-none-eabi/12.3.1/../../../../arm-none-eabi/lib/thumb/v7-m/nofp\libc_nano.a(libc_a-gdtoa-gethex.o)
                                 0x73 (size before relaxing)
 .rodata._vfprintf_r.str1.1
                0x0800bef6       0x11 D:/software/ICT/STM32CubeIDE_1.15.1/STM32CubeIDE/plugins/com.st.stm32cube.ide.mcu.externaltools.gnu-tools-for-stm32.12.3.rel1.win32_1.0.100.202403111256/tools/bin/../lib/gcc/arm-none-eabi/12.3.1/../../../../arm-none-eabi/lib/thumb/v7-m/nofp\libc_nano.a(libc_a-nano-vfprintf.o)
                0x0800bf08                        . = ALIGN (0x4)
 *fill*         0x0800bef6        0x2 

.ARM.extab      0x0800bef8        0x0
                0x0800bef8                        . = ALIGN (0x4)
 *(.ARM.extab* .gnu.linkonce.armextab.*)
                0x0800bef8                        . = ALIGN (0x4)

.ARM            0x0800bef8        0x8
                0x0800bef8                        . = ALIGN (0x4)
                0x0800bef8                        __exidx_start = .
 *(.ARM.exidx*)
 .ARM.exidx     0x0800bef8        0x8 D:/software/ICT/STM32CubeIDE_1.15.1/STM32CubeIDE/plugins/com.st.stm32cube.ide.mcu.externaltools.gnu-tools-for-stm32.12.3.rel1.win32_1.0.100.202403111256/tools/bin/../lib/gcc/arm-none-eabi/12.3.1/../../../../arm-none-eabi/lib/thumb/v7-m/nofp\libc_nano.a(libc_a-strlen.o)
                0x0800bf00                        __exidx_end = .
                0x0800bf00                        . = ALIGN (0x4)

.preinit_array  0x0800bf00        0x0
                0x0800bf00                        . = ALIGN (0x4)
                0x0800bf00                        PROVIDE (__preinit_array_start = .)
 *(.preinit_array*)
                0x0800bf00                        PROVIDE (__preinit_array_end = .)
                0x0800bf00                        . = ALIGN (0x4)

.init_array     0x0800bf00        0x4
                0x0800bf00                        . = ALIGN (0x4)
                0x0800bf00                        PROVIDE (__init_array_start = .)
 *(SORT_BY_NAME(.init_array.*))
 *(.init_array*)
 .init_array    0x0800bf00        0x4 D:/software/ICT/STM32CubeIDE_1.15.1/STM32CubeIDE/plugins/com.st.stm32cube.ide.mcu.externaltools.gnu-tools-for-stm32.12.3.rel1.win32_1.0.100.202403111256/tools/bin/../lib/gcc/arm-none-eabi/12.3.1/thumb/v7-m/nofp/crtbegin.o
                0x0800bf04                        PROVIDE (__init_array_end = .)
                0x0800bf04                        . = ALIGN (0x4)

.fini_array     0x0800bf04        0x4
                0x0800bf04                        . = ALIGN (0x4)
                [!provide]                        PROVIDE (__fini_array_start = .)
 *(SORT_BY_NAME(.fini_array.*))
 *(.fini_array*)
 .fini_array    0x0800bf04        0x4 D:/software/ICT/STM32CubeIDE_1.15.1/STM32CubeIDE/plugins/com.st.stm32cube.ide.mcu.externaltools.gnu-tools-for-stm32.12.3.rel1.win32_1.0.100.202403111256/tools/bin/../lib/gcc/arm-none-eabi/12.3.1/thumb/v7-m/nofp/crtbegin.o
                [!provide]                        PROVIDE (__fini_array_end = .)
                0x0800bf08                        . = ALIGN (0x4)
                0x0800bf08                        _sidata = LOADADDR (.data)

.rel.dyn        0x0800bf08        0x0
 .rel.iplt      0x0800bf08        0x0 D:/software/ICT/STM32CubeIDE_1.15.1/STM32CubeIDE/plugins/com.st.stm32cube.ide.mcu.externaltools.gnu-tools-for-stm32.12.3.rel1.win32_1.0.100.202403111256/tools/bin/../lib/gcc/arm-none-eabi/12.3.1/thumb/v7-m/nofp/crtbegin.o

.data           0x20000000      0x1d8 load address 0x0800bf08
                0x20000000                        . = ALIGN (0x4)
                0x20000000                        _sdata = .
 *(.data)
 *(.data*)
 .data.SystemCoreClock
                0x20000000        0x4 ./Core/Src/system_stm32f1xx.o
                0x20000000                SystemCoreClock
 .data.uwTickPrio
                0x20000004        0x4 ./Drivers/STM32F1xx_HAL_Driver/Src/stm32f1xx_hal.o
                0x20000004                uwTickPrio
 .data.uwTickFreq
                0x20000008        0x1 ./Drivers/STM32F1xx_HAL_Driver/Src/stm32f1xx_hal.o
                0x20000008                uwTickFreq
 *fill*         0x20000009        0x3 
 .data.uxCriticalNesting
                0x2000000c        0x4 ./Middlewares/Third_Party/FreeRTOS/Source/portable/GCC/ARM_CM3/port.o